

================================================================
== Vitis HLS Report for 'cnn_accelerator'
================================================================
* Date:           Fri Feb 20 21:41:49 2026

* Version:        2025.1 (Build 6135595 on May 21 2025)
* Project:        cnn
* Solution:       hls
* Product family: 


================================================================
== Performance Estimates
================================================================
+ Timing: 
    * Summary: 
    +--------+----------+----------+------------+
    |  Clock |  Target  | Estimated| Uncertainty|
    +--------+----------+----------+------------+
    |ap_clk  |  10.00 ns|  7.300 ns|     2.70 ns|
    +--------+----------+----------+------------+

+ Latency: 
    * Summary: 
    +---------+---------+----------+----------+-------+-------+---------+
    |  Latency (cycles) |  Latency (absolute) |    Interval   | Pipeline|
    |   min   |   max   |    min   |    max   |  min  |  max  |   Type  |
    +---------+---------+----------+----------+-------+-------+---------+
    |    17955|    17955|  0.180 ms|  0.180 ms|  17956|  17956|       no|
    +---------+---------+----------+----------+-------+-------+---------+

    + Detail: 
        * Instance: 
        +---------------------------------------------------------------------+----------------------------------------------------------+---------+---------+-----------+-----------+------+------+------------------------------------------------+
        |                                                                     |                                                          |  Latency (cycles) |   Latency (absolute)  |   Interval  |                    Pipeline                    |
        |                               Instance                              |                          Module                          |   min   |   max   |    min    |    max    |  min |  max |                      Type                      |
        +---------------------------------------------------------------------+----------------------------------------------------------+---------+---------+-----------+-----------+------+------+------------------------------------------------+
        |grp_cnn_accelerator_Pipeline_VITIS_LOOP_40_2_VITIS_LOOP_41_3_fu_270  |cnn_accelerator_Pipeline_VITIS_LOOP_40_2_VITIS_LOOP_41_3  |     1047|     1047|  10.470 us|  10.470 us|  1040|  1040|  loop auto-rewind stp (delay=0 clock cycles(s))|
        +---------------------------------------------------------------------+----------------------------------------------------------+---------+---------+-----------+-----------+------+------+------------------------------------------------+

        * Loop: 
        +-------------------+---------+---------+----------+-----------+-----------+------+----------+
        |                   |  Latency (cycles) | Iteration|  Initiation Interval  | Trip |          |
        |     Loop Name     |   min   |   max   |  Latency |  achieved |   target  | Count| Pipelined|
        +-------------------+---------+---------+----------+-----------+-----------+------+----------+
        |- VITIS_LOOP_39_1  |    17952|    17952|      1122|          -|          -|    16|        no|
        +-------------------+---------+---------+----------+-----------+-----------+------+----------+



================================================================
== Utilization Estimates
================================================================
* Summary: 
+-----------------+---------+-----+--------+-------+-----+
|       Name      | BRAM_18K| DSP |   FF   |  LUT  | URAM|
+-----------------+---------+-----+--------+-------+-----+
|DSP              |        -|    -|       -|      -|    -|
|Expression       |        -|    -|       0|  11373|    -|
|FIFO             |        -|    -|       -|      -|    -|
|Instance         |        2|   40|    6966|   8847|    -|
|Memory           |        -|    -|       -|      -|    -|
|Multiplexer      |        -|    -|       0|    796|    -|
|Register         |        -|    -|    7866|      -|    -|
+-----------------+---------+-----+--------+-------+-----+
|Total            |        2|   40|   14832|  21016|    0|
+-----------------+---------+-----+--------+-------+-----+
|Available        |      280|  220|  106400|  53200|    0|
+-----------------+---------+-----+--------+-------+-----+
|Utilization (%)  |       ~0|   18|      13|     39|    0|
+-----------------+---------+-----+--------+-------+-----+

+ Detail: 
    * Instance: 
    +---------------------------------------------------------------------+----------------------------------------------------------+---------+----+------+------+-----+
    |                               Instance                              |                          Module                          | BRAM_18K| DSP|  FF  |  LUT | URAM|
    +---------------------------------------------------------------------+----------------------------------------------------------+---------+----+------+------+-----+
    |grp_cnn_accelerator_Pipeline_VITIS_LOOP_40_2_VITIS_LOOP_41_3_fu_270  |cnn_accelerator_Pipeline_VITIS_LOOP_40_2_VITIS_LOOP_41_3  |        0|   0|  3405|  6327|    0|
    |control_s_axi_U                                                      |control_s_axi                                             |        0|   0|   646|  1128|    0|
    |gmem_m_axi_U                                                         |gmem_m_axi                                                |        2|   0|   770|   742|    0|
    |mul_32s_32s_32_2_1_U155                                              |mul_32s_32s_32_2_1                                        |        0|   3|   165|    50|    0|
    |mul_32s_32s_32_2_1_U156                                              |mul_32s_32s_32_2_1                                        |        0|   3|   165|    50|    0|
    |mul_32s_32s_32_2_1_U157                                              |mul_32s_32s_32_2_1                                        |        0|   3|   165|    50|    0|
    |mul_32s_32s_32_2_1_U158                                              |mul_32s_32s_32_2_1                                        |        0|   3|   165|    50|    0|
    |mul_32s_32s_32_2_1_U159                                              |mul_32s_32s_32_2_1                                        |        0|   3|   165|    50|    0|
    |mul_32s_32s_32_2_1_U160                                              |mul_32s_32s_32_2_1                                        |        0|   3|   165|    50|    0|
    |mul_32s_32s_32_2_1_U161                                              |mul_32s_32s_32_2_1                                        |        0|   3|   165|    50|    0|
    |mul_32s_32s_32_2_1_U162                                              |mul_32s_32s_32_2_1                                        |        0|   3|   165|    50|    0|
    |mul_32s_32s_32_2_1_U163                                              |mul_32s_32s_32_2_1                                        |        0|   3|   165|    50|    0|
    |mul_32s_32s_32_2_1_U164                                              |mul_32s_32s_32_2_1                                        |        0|   3|   165|    50|    0|
    |mul_32s_32s_32_2_1_U165                                              |mul_32s_32s_32_2_1                                        |        0|   3|   165|    50|    0|
    |mul_32s_32s_32_2_1_U166                                              |mul_32s_32s_32_2_1                                        |        0|   3|   165|    50|    0|
    |mul_32s_32s_62_2_1_U167                                              |mul_32s_32s_62_2_1                                        |        0|   4|   165|    50|    0|
    +---------------------------------------------------------------------+----------------------------------------------------------+---------+----+------+------+-----+
    |Total                                                                |                                                          |        2|  40|  6966|  8847|    0|
    +---------------------------------------------------------------------+----------------------------------------------------------+---------+----+------+------+-----+

    * DSP: 
    N/A

    * Memory: 
    N/A

    * FIFO: 
    N/A

    * Expression: 
    +----------------------+----------+----+---+-----+------------+------------+
    |     Variable Name    | Operation| DSP| FF| LUT | Bitwidth P0| Bitwidth P1|
    +----------------------+----------+----+---+-----+------------+------------+
    |add_ln39_1_fu_559_p2  |         +|   0|  0|   69|          62|          62|
    |add_ln39_2_fu_564_p2  |         +|   0|  0|   43|          36|          36|
    |add_ln39_fu_575_p2    |         +|   0|  0|   13|           5|           1|
    |empty_102_fu_803_p2   |         +|   0|  0|   71|          64|           3|
    |empty_106_fu_832_p2   |         +|   0|  0|   71|          64|           4|
    |empty_110_fu_861_p2   |         +|   0|  0|   71|          64|           4|
    |empty_114_fu_911_p2   |         +|   0|  0|   71|          64|           4|
    |empty_118_fu_961_p2   |         +|   0|  0|   71|          64|           4|
    |empty_122_fu_1011_p2  |         +|   0|  0|   71|          64|           4|
    |empty_126_fu_1061_p2  |         +|   0|  0|   71|          64|           4|
    |empty_130_fu_1111_p2  |         +|   0|  0|   71|          64|           4|
    |empty_134_fu_1140_p2  |         +|   0|  0|   71|          64|           4|
    |empty_138_fu_1211_p2  |         +|   0|  0|   71|          64|          64|
    |empty_145_fu_1337_p2  |         +|   0|  0|   71|          64|           1|
    |empty_149_fu_1387_p2  |         +|   0|  0|   71|          64|           2|
    |empty_153_fu_1437_p2  |         +|   0|  0|   71|          64|           2|
    |empty_157_fu_1487_p2  |         +|   0|  0|   71|          64|           3|
    |empty_161_fu_1537_p2  |         +|   0|  0|   71|          64|           3|
    |empty_165_fu_1587_p2  |         +|   0|  0|   71|          64|           3|
    |empty_169_fu_1637_p2  |         +|   0|  0|   71|          64|           3|
    |empty_173_fu_1691_p2  |         +|   0|  0|   71|          64|           4|
    |empty_177_fu_1740_p2  |         +|   0|  0|   71|          64|           4|
    |empty_181_fu_1799_p2  |         +|   0|  0|   71|          64|           4|
    |empty_185_fu_1852_p2  |         +|   0|  0|   71|          64|           4|
    |empty_189_fu_1905_p2  |         +|   0|  0|   71|          64|           4|
    |empty_193_fu_1958_p2  |         +|   0|  0|   71|          64|           4|
    |empty_197_fu_2011_p2  |         +|   0|  0|   71|          64|           4|
    |empty_201_fu_2040_p2  |         +|   0|  0|   71|          64|           4|
    |empty_224_fu_2145_p2  |         +|   0|  0|   71|          64|           1|
    |empty_228_fu_2198_p2  |         +|   0|  0|   71|          64|           2|
    |empty_232_fu_2251_p2  |         +|   0|  0|   71|          64|           2|
    |empty_236_fu_2304_p2  |         +|   0|  0|   71|          64|           3|
    |empty_240_fu_2357_p2  |         +|   0|  0|   71|          64|           3|
    |empty_244_fu_2410_p2  |         +|   0|  0|   71|          64|           3|
    |empty_248_fu_2463_p2  |         +|   0|  0|   71|          64|           3|
    |empty_252_fu_2516_p2  |         +|   0|  0|   71|          64|           4|
    |empty_256_fu_2569_p2  |         +|   0|  0|   71|          64|           4|
    |empty_260_fu_2618_p2  |         +|   0|  0|   71|          64|           4|
    |empty_264_fu_2671_p2  |         +|   0|  0|   71|          64|           4|
    |empty_268_fu_2724_p2  |         +|   0|  0|   71|          64|           4|
    |empty_272_fu_2777_p2  |         +|   0|  0|   71|          64|           4|
    |empty_276_fu_2830_p2  |         +|   0|  0|   71|          64|           4|
    |empty_280_fu_2859_p2  |         +|   0|  0|   71|          64|           4|
    |empty_300_fu_2949_p2  |         +|   0|  0|   71|          64|          64|
    |empty_304_fu_3011_p2  |         +|   0|  0|   71|          64|          64|
    |empty_308_fu_3073_p2  |         +|   0|  0|   71|          64|          64|
    |empty_312_fu_3135_p2  |         +|   0|  0|   71|          64|          64|
    |empty_316_fu_3197_p2  |         +|   0|  0|   71|          64|          64|
    |empty_320_fu_3259_p2  |         +|   0|  0|   71|          64|          64|
    |empty_324_fu_3321_p2  |         +|   0|  0|   71|          64|          64|
    |empty_328_fu_3383_p2  |         +|   0|  0|   71|          64|          64|
    |empty_332_fu_3445_p2  |         +|   0|  0|   71|          64|          64|
    |empty_336_fu_3507_p2  |         +|   0|  0|   71|          64|          64|
    |empty_340_fu_3565_p2  |         +|   0|  0|   71|          64|          64|
    |empty_344_fu_3633_p2  |         +|   0|  0|   71|          64|          64|
    |empty_348_fu_3701_p2  |         +|   0|  0|   71|          64|          64|
    |empty_352_fu_3739_p2  |         +|   0|  0|   71|          64|          64|
    |empty_356_fu_3777_p2  |         +|   0|  0|   71|          64|          64|
    |empty_72_fu_1239_p2   |         +|   0|  0|   71|          64|          64|
    |empty_73_fu_1243_p2   |         +|   0|  0|   71|          64|          64|
    |empty_74_fu_585_p2    |         +|   0|  0|   71|          64|          64|
    |empty_78_fu_629_p2    |         +|   0|  0|   71|          64|           1|
    |empty_82_fu_658_p2    |         +|   0|  0|   71|          64|           2|
    |empty_86_fu_687_p2    |         +|   0|  0|   71|          64|           2|
    |empty_90_fu_716_p2    |         +|   0|  0|   71|          64|           3|
    |empty_94_fu_745_p2    |         +|   0|  0|   71|          64|           3|
    |empty_98_fu_774_p2    |         +|   0|  0|   71|          64|           3|
    |tmp13_fu_2940_p2      |         +|   0|  0|   43|          36|           1|
    |tmp14_fu_3002_p2      |         +|   0|  0|   43|          36|           2|
    |tmp15_fu_3064_p2      |         +|   0|  0|   43|          36|           2|
    |tmp16_fu_3126_p2      |         +|   0|  0|   43|          36|           3|
    |tmp17_fu_3188_p2      |         +|   0|  0|   43|          36|           3|
    |tmp18_fu_3250_p2      |         +|   0|  0|   43|          36|           3|
    |tmp19_fu_3312_p2      |         +|   0|  0|   43|          36|           3|
    |tmp20_fu_3374_p2      |         +|   0|  0|   43|          36|           4|
    |tmp21_fu_3436_p2      |         +|   0|  0|   43|          36|           4|
    |tmp22_fu_3498_p2      |         +|   0|  0|   43|          36|           4|
    |tmp23_fu_3556_p2      |         +|   0|  0|   43|          36|           4|
    |tmp24_fu_3624_p2      |         +|   0|  0|   43|          36|           4|
    |tmp25_fu_3692_p2      |         +|   0|  0|   43|          36|           4|
    |tmp26_fu_3730_p2      |         +|   0|  0|   43|          36|           4|
    |tmp27_fu_3768_p2      |         +|   0|  0|   43|          36|           4|
    |tmp2_fu_428_p2        |         +|   0|  0|   39|          32|          32|
    |tmp5_fu_458_p2        |         +|   0|  0|   39|          32|          32|
    |tmp6_fu_464_p2        |         +|   0|  0|   39|          32|          32|
    |tmp9_fu_488_p2        |         +|   0|  0|   39|          32|          32|
    |p_sub437_fu_476_p2    |         -|   0|  0|   39|          32|          32|
    |tmp10_fu_494_p2       |         -|   0|  0|   39|          32|          32|
    |tmp11_fu_500_p2       |         -|   0|  0|   39|          32|          32|
    |tmp1_fu_422_p2        |         -|   0|  0|   39|          32|          32|
    |tmp3_fu_446_p2        |         -|   0|  0|   39|          32|          32|
    |tmp4_fu_452_p2        |         -|   0|  0|   39|          32|          32|
    |tmp7_fu_482_p2        |         -|   0|  0|   39|          32|          32|
    |icmp_ln39_fu_569_p2   |      icmp|   0|  0|   14|           5|           6|
    |empty_100_fu_1201_p2  |      lshr|   0|  0|  100|          32|          32|
    |empty_104_fu_1258_p2  |      lshr|   0|  0|  100|          32|          32|
    |empty_108_fu_1327_p2  |      lshr|   0|  0|  100|          32|          32|
    |empty_112_fu_1377_p2  |      lshr|   0|  0|  100|          32|          32|
    |empty_116_fu_1427_p2  |      lshr|   0|  0|  100|          32|          32|
    |empty_120_fu_1477_p2  |      lshr|   0|  0|  100|          32|          32|
    |empty_124_fu_1527_p2  |      lshr|   0|  0|  100|          32|          32|
    |empty_128_fu_1577_p2  |      lshr|   0|  0|  100|          32|          32|
    |empty_132_fu_1627_p2  |      lshr|   0|  0|  100|          32|          32|
    |empty_136_fu_1677_p2  |      lshr|   0|  0|  100|          32|          32|
    |empty_141_fu_1731_p2  |      lshr|   0|  0|   92|          30|          30|
    |empty_144_fu_1790_p2  |      lshr|   0|  0|   84|          28|          28|
    |empty_148_fu_1843_p2  |      lshr|   0|  0|   84|          28|          28|
    |empty_152_fu_1896_p2  |      lshr|   0|  0|   84|          28|          28|
    |empty_156_fu_1949_p2  |      lshr|   0|  0|   84|          28|          28|
    |empty_160_fu_2002_p2  |      lshr|   0|  0|   84|          28|          28|
    |empty_164_fu_2084_p2  |      lshr|   0|  0|   84|          28|          28|
    |empty_168_fu_2108_p2  |      lshr|   0|  0|   84|          28|          28|
    |empty_172_fu_2132_p2  |      lshr|   0|  0|   84|          28|          28|
    |empty_176_fu_2185_p2  |      lshr|   0|  0|   84|          28|          28|
    |empty_180_fu_2238_p2  |      lshr|   0|  0|   84|          28|          28|
    |empty_184_fu_2291_p2  |      lshr|   0|  0|   84|          28|          28|
    |empty_188_fu_2344_p2  |      lshr|   0|  0|   84|          28|          28|
    |empty_192_fu_2397_p2  |      lshr|   0|  0|   84|          28|          28|
    |empty_196_fu_2450_p2  |      lshr|   0|  0|   84|          28|          28|
    |empty_200_fu_2503_p2  |      lshr|   0|  0|   84|          28|          28|
    |empty_204_fu_2556_p2  |      lshr|   0|  0|   84|          28|          28|
    |empty_223_fu_2609_p2  |      lshr|   0|  0|   75|          26|          26|
    |empty_227_fu_2662_p2  |      lshr|   0|  0|   75|          26|          26|
    |empty_231_fu_2715_p2  |      lshr|   0|  0|   75|          26|          26|
    |empty_235_fu_2768_p2  |      lshr|   0|  0|   75|          26|          26|
    |empty_239_fu_2821_p2  |      lshr|   0|  0|   75|          26|          26|
    |empty_243_fu_2903_p2  |      lshr|   0|  0|   75|          26|          26|
    |empty_247_fu_2927_p2  |      lshr|   0|  0|   75|          26|          26|
    |empty_251_fu_2989_p2  |      lshr|   0|  0|   75|          26|          26|
    |empty_255_fu_3051_p2  |      lshr|   0|  0|   75|          26|          26|
    |empty_259_fu_3113_p2  |      lshr|   0|  0|   75|          26|          26|
    |empty_263_fu_3175_p2  |      lshr|   0|  0|   75|          26|          26|
    |empty_267_fu_3237_p2  |      lshr|   0|  0|   75|          26|          26|
    |empty_271_fu_3299_p2  |      lshr|   0|  0|   75|          26|          26|
    |empty_275_fu_3361_p2  |      lshr|   0|  0|   75|          26|          26|
    |empty_279_fu_3423_p2  |      lshr|   0|  0|   75|          26|          26|
    |empty_283_fu_3485_p2  |      lshr|   0|  0|   75|          26|          26|
    |empty_303_fu_3547_p2  |      lshr|   0|  0|   92|          30|          30|
    |empty_307_fu_3615_p2  |      lshr|   0|  0|   92|          30|          30|
    |empty_311_fu_3683_p2  |      lshr|   0|  0|   92|          30|          30|
    |empty_315_fu_3827_p2  |      lshr|   0|  0|   92|          30|          30|
    |empty_319_fu_3857_p2  |      lshr|   0|  0|   92|          30|          30|
    |empty_323_fu_3887_p2  |      lshr|   0|  0|   92|          30|          30|
    |empty_327_fu_3917_p2  |      lshr|   0|  0|   92|          30|          30|
    |empty_331_fu_3947_p2  |      lshr|   0|  0|   92|          30|          30|
    |empty_335_fu_3977_p2  |      lshr|   0|  0|   92|          30|          30|
    |empty_339_fu_4007_p2  |      lshr|   0|  0|   92|          30|          30|
    |empty_343_fu_4037_p2  |      lshr|   0|  0|   92|          30|          30|
    |empty_347_fu_4067_p2  |      lshr|   0|  0|   92|          30|          30|
    |empty_351_fu_4097_p2  |      lshr|   0|  0|   92|          30|          30|
    |empty_355_fu_4127_p2  |      lshr|   0|  0|   92|          30|          30|
    |empty_359_fu_4157_p2  |      lshr|   0|  0|   92|          30|          30|
    |empty_76_fu_901_p2    |      lshr|   0|  0|  100|          32|          32|
    |empty_80_fu_951_p2    |      lshr|   0|  0|  100|          32|          32|
    |empty_84_fu_1001_p2   |      lshr|   0|  0|  100|          32|          32|
    |empty_88_fu_1051_p2   |      lshr|   0|  0|  100|          32|          32|
    |empty_92_fu_1101_p2   |      lshr|   0|  0|  100|          32|          32|
    |empty_96_fu_1180_p2   |      lshr|   0|  0|  100|          32|          32|
    +----------------------+----------+----+---+-----+------------+------------+
    |Total                 |          |   0|  0|11373|        6952|        3725|
    +----------------------+----------+----+---+-----+------------+------------+

    * Multiplexer: 
    +-----------------+-----+-----------+-----+-----------+
    |       Name      | LUT | Input Size| Bits| Total Bits|
    +-----------------+-----+-----------+-----+-----------+
    |ap_NS_fsm        |  393|         79|    1|         79|
    |gmem_0_ARADDR    |  289|         66|   64|       4224|
    |gmem_0_ARLEN     |   14|          3|   32|         96|
    |gmem_0_ARVALID   |   14|          3|    1|          3|
    |gmem_0_AWVALID   |    9|          2|    1|          2|
    |gmem_0_BREADY    |    9|          2|    1|          2|
    |gmem_0_RREADY    |   14|          3|    1|          3|
    |gmem_0_WVALID    |    9|          2|    1|          2|
    |gmem_blk_n_AR    |    9|          2|    1|          2|
    |gmem_blk_n_R     |    9|          2|    1|          2|
    |phi_mul7_fu_186  |    9|          2|   62|        124|
    |phi_mul_fu_190   |    9|          2|   36|         72|
    |to_fu_194        |    9|          2|    5|         10|
    +-----------------+-----+-----------+-----+-----------+
    |Total            |  796|        170|  207|       4621|
    +-----------------+-----+-----------+-----+-----------+

    * Register: 
    +----------------------------------------------------------------------------------+----+----+-----+-----------+
    |                                       Name                                       | FF | LUT| Bits| Const Bits|
    +----------------------------------------------------------------------------------+----+----+-----+-----------+
    |Cin_cast_reg_4413                                                                 |  36|   0|   36|          0|
    |Cin_read_reg_4223                                                                 |  32|   0|   32|          0|
    |H_read_reg_4206                                                                   |  32|   0|   32|          0|
    |W_read_reg_4199                                                                   |  32|   0|   32|          0|
    |ap_CS_fsm                                                                         |  78|   0|   78|          0|
    |bh_10_reg_5738                                                                    |   4|   0|    4|          0|
    |bh_11_reg_5748                                                                    |   4|   0|    4|          0|
    |bh_12_reg_5758                                                                    |   4|   0|    4|          0|
    |bh_13_reg_5768                                                                    |   4|   0|    4|          0|
    |bh_14_reg_5773                                                                    |   4|   0|    4|          0|
    |bh_1_reg_5594                                                                     |   4|   0|    4|          0|
    |bh_2_reg_5615                                                                     |   4|   0|    4|          0|
    |bh_3_reg_5658                                                                     |   4|   0|    4|          0|
    |bh_4_reg_5668                                                                     |   4|   0|    4|          0|
    |bh_5_reg_5678                                                                     |   4|   0|    4|          0|
    |bh_6_reg_5688                                                                     |   4|   0|    4|          0|
    |bh_7_reg_5698                                                                     |   4|   0|    4|          0|
    |bh_8_reg_5708                                                                     |   4|   0|    4|          0|
    |bh_9_reg_5718                                                                     |   4|   0|    4|          0|
    |bh_reg_4912                                                                       |   4|   0|    4|          0|
    |bh_s_reg_5728                                                                     |   4|   0|    4|          0|
    |empty_101_reg_4682                                                                |   8|   0|    8|          0|
    |empty_103_reg_4559                                                                |   2|   0|    2|          0|
    |empty_105_reg_4736                                                                |   8|   0|    8|          0|
    |empty_107_reg_4570                                                                |   2|   0|    2|          0|
    |empty_109_reg_4763                                                                |   8|   0|    8|          0|
    |empty_111_reg_4581                                                                |   2|   0|    2|          0|
    |empty_113_reg_4779                                                                |   8|   0|    8|          0|
    |empty_115_reg_4597                                                                |   2|   0|    2|          0|
    |empty_117_reg_4795                                                                |   8|   0|    8|          0|
    |empty_119_reg_4613                                                                |   2|   0|    2|          0|
    |empty_121_reg_4811                                                                |   8|   0|    8|          0|
    |empty_123_reg_4629                                                                |   2|   0|    2|          0|
    |empty_125_reg_4827                                                                |   8|   0|    8|          0|
    |empty_127_reg_4645                                                                |   2|   0|    2|          0|
    |empty_129_reg_4843                                                                |   8|   0|    8|          0|
    |empty_131_reg_4661                                                                |   2|   0|    2|          0|
    |empty_133_reg_4859                                                                |   8|   0|    8|          0|
    |empty_135_reg_4672                                                                |   2|   0|    2|          0|
    |empty_137_reg_4875                                                                |   8|   0|    8|          0|
    |empty_139_reg_4880                                                                |  30|   0|   30|          0|
    |empty_140_reg_4693                                                                |   2|   0|    2|          0|
    |empty_142_reg_4896                                                                |  28|   0|   28|          0|
    |empty_143_reg_4747                                                                |   2|   0|    2|          0|
    |empty_146_reg_4917                                                                |  28|   0|   28|          0|
    |empty_147_reg_4774                                                                |   2|   0|    2|          0|
    |empty_150_reg_4938                                                                |  28|   0|   28|          0|
    |empty_151_reg_4790                                                                |   2|   0|    2|          0|
    |empty_154_reg_4959                                                                |  28|   0|   28|          0|
    |empty_155_reg_4806                                                                |   2|   0|    2|          0|
    |empty_158_reg_4980                                                                |  28|   0|   28|          0|
    |empty_159_reg_4822                                                                |   2|   0|    2|          0|
    |empty_162_reg_5001                                                                |  28|   0|   28|          0|
    |empty_163_reg_4838                                                                |   2|   0|    2|          0|
    |empty_166_reg_5033                                                                |  28|   0|   28|          0|
    |empty_167_reg_4854                                                                |   2|   0|    2|          0|
    |empty_170_reg_5043                                                                |  28|   0|   28|          0|
    |empty_171_reg_4870                                                                |   2|   0|    2|          0|
    |empty_174_reg_5053                                                                |  28|   0|   28|          0|
    |empty_175_reg_4891                                                                |   2|   0|    2|          0|
    |empty_178_reg_5074                                                                |  28|   0|   28|          0|
    |empty_179_reg_4907                                                                |   2|   0|    2|          0|
    |empty_182_reg_5095                                                                |  28|   0|   28|          0|
    |empty_183_reg_4928                                                                |   2|   0|    2|          0|
    |empty_186_reg_5116                                                                |  28|   0|   28|          0|
    |empty_187_reg_4949                                                                |   2|   0|    2|          0|
    |empty_190_reg_5137                                                                |  28|   0|   28|          0|
    |empty_191_reg_4970                                                                |   2|   0|    2|          0|
    |empty_194_reg_5158                                                                |  28|   0|   28|          0|
    |empty_195_reg_4991                                                                |   2|   0|    2|          0|
    |empty_198_reg_5179                                                                |  28|   0|   28|          0|
    |empty_199_reg_5012                                                                |   2|   0|    2|          0|
    |empty_202_reg_5200                                                                |  28|   0|   28|          0|
    |empty_203_reg_5023                                                                |   2|   0|    2|          0|
    |empty_205_reg_4933                                                                |   4|   0|    4|          0|
    |empty_206_reg_4954                                                                |   4|   0|    4|          0|
    |empty_207_reg_4975                                                                |   4|   0|    4|          0|
    |empty_208_reg_4996                                                                |   4|   0|    4|          0|
    |empty_209_reg_5028                                                                |   4|   0|    4|          0|
    |empty_210_reg_5038                                                                |   4|   0|    4|          0|
    |empty_211_reg_5048                                                                |   4|   0|    4|          0|
    |empty_212_reg_5058                                                                |   4|   0|    4|          0|
    |empty_213_reg_5079                                                                |   4|   0|    4|          0|
    |empty_214_reg_5100                                                                |   4|   0|    4|          0|
    |empty_215_reg_5121                                                                |   4|   0|    4|          0|
    |empty_216_reg_5142                                                                |   4|   0|    4|          0|
    |empty_217_reg_5163                                                                |   4|   0|    4|          0|
    |empty_218_reg_5184                                                                |   4|   0|    4|          0|
    |empty_219_reg_5205                                                                |   4|   0|    4|          0|
    |empty_220_reg_5221                                                                |   4|   0|    4|          0|
    |empty_221_reg_5226                                                                |  26|   0|   26|          0|
    |empty_222_reg_4758                                                                |   2|   0|    2|          0|
    |empty_225_reg_5242                                                                |  26|   0|   26|          0|
    |empty_226_reg_5069                                                                |   2|   0|    2|          0|
    |empty_229_reg_5263                                                                |  26|   0|   26|          0|
    |empty_230_reg_5090                                                                |   2|   0|    2|          0|
    |empty_233_reg_5284                                                                |  26|   0|   26|          0|
    |empty_234_reg_5111                                                                |   2|   0|    2|          0|
    |empty_237_reg_5305                                                                |  26|   0|   26|          0|
    |empty_238_reg_5132                                                                |   2|   0|    2|          0|
    |empty_241_reg_5326                                                                |  26|   0|   26|          0|
    |empty_242_reg_5153                                                                |   2|   0|    2|          0|
    |empty_245_reg_5358                                                                |  26|   0|   26|          0|
    |empty_246_reg_5174                                                                |   2|   0|    2|          0|
    |empty_249_reg_5368                                                                |  26|   0|   26|          0|
    |empty_250_reg_5195                                                                |   2|   0|    2|          0|
    |empty_253_reg_5389                                                                |  26|   0|   26|          0|
    |empty_254_reg_5216                                                                |   2|   0|    2|          0|
    |empty_257_reg_5410                                                                |  26|   0|   26|          0|
    |empty_258_reg_5237                                                                |   2|   0|    2|          0|
    |empty_261_reg_5431                                                                |  26|   0|   26|          0|
    |empty_262_reg_5253                                                                |   2|   0|    2|          0|
    |empty_265_reg_5452                                                                |  26|   0|   26|          0|
    |empty_266_reg_5274                                                                |   2|   0|    2|          0|
    |empty_269_reg_5473                                                                |  26|   0|   26|          0|
    |empty_270_reg_5295                                                                |   2|   0|    2|          0|
    |empty_273_reg_5494                                                                |  26|   0|   26|          0|
    |empty_274_reg_5316                                                                |   2|   0|    2|          0|
    |empty_277_reg_5515                                                                |  26|   0|   26|          0|
    |empty_278_reg_5337                                                                |   2|   0|    2|          0|
    |empty_281_reg_5536                                                                |  26|   0|   26|          0|
    |empty_282_reg_5348                                                                |   2|   0|    2|          0|
    |empty_284_reg_5258                                                                |   2|   0|    2|          0|
    |empty_285_reg_5279                                                                |   2|   0|    2|          0|
    |empty_286_reg_5300                                                                |   2|   0|    2|          0|
    |empty_287_reg_5321                                                                |   2|   0|    2|          0|
    |empty_288_reg_5353                                                                |   2|   0|    2|          0|
    |empty_289_reg_5363                                                                |   2|   0|    2|          0|
    |empty_290_reg_5373                                                                |   2|   0|    2|          0|
    |empty_291_reg_5394                                                                |   2|   0|    2|          0|
    |empty_292_reg_5415                                                                |   2|   0|    2|          0|
    |empty_293_reg_5436                                                                |   2|   0|    2|          0|
    |empty_294_reg_5457                                                                |   2|   0|    2|          0|
    |empty_295_reg_5478                                                                |   2|   0|    2|          0|
    |empty_296_reg_5499                                                                |   2|   0|    2|          0|
    |empty_297_reg_5520                                                                |   2|   0|    2|          0|
    |empty_298_reg_5541                                                                |   2|   0|    2|          0|
    |empty_299_reg_5557                                                                |   2|   0|    2|          0|
    |empty_301_reg_5562                                                                |  30|   0|   30|          0|
    |empty_302_reg_5384                                                                |   2|   0|    2|          0|
    |empty_305_reg_5578                                                                |  30|   0|   30|          0|
    |empty_306_reg_5405                                                                |   2|   0|    2|          0|
    |empty_309_reg_5599                                                                |  30|   0|   30|          0|
    |empty_310_reg_5426                                                                |   2|   0|    2|          0|
    |empty_313_reg_5620                                                                |  30|   0|   30|          0|
    |empty_314_reg_5447                                                                |   2|   0|    2|          0|
    |empty_317_reg_5663                                                                |  30|   0|   30|          0|
    |empty_318_reg_5468                                                                |   2|   0|    2|          0|
    |empty_321_reg_5673                                                                |  30|   0|   30|          0|
    |empty_322_reg_5489                                                                |   2|   0|    2|          0|
    |empty_325_reg_5683                                                                |  30|   0|   30|          0|
    |empty_326_reg_5510                                                                |   2|   0|    2|          0|
    |empty_329_reg_5693                                                                |  30|   0|   30|          0|
    |empty_330_reg_5531                                                                |   2|   0|    2|          0|
    |empty_333_reg_5703                                                                |  30|   0|   30|          0|
    |empty_334_reg_5552                                                                |   2|   0|    2|          0|
    |empty_337_reg_5713                                                                |  30|   0|   30|          0|
    |empty_338_reg_5573                                                                |   2|   0|    2|          0|
    |empty_341_reg_5723                                                                |  30|   0|   30|          0|
    |empty_342_reg_5589                                                                |   2|   0|    2|          0|
    |empty_345_reg_5733                                                                |  30|   0|   30|          0|
    |empty_346_reg_5610                                                                |   2|   0|    2|          0|
    |empty_349_reg_5743                                                                |  30|   0|   30|          0|
    |empty_350_reg_5631                                                                |   2|   0|    2|          0|
    |empty_353_reg_5753                                                                |  30|   0|   30|          0|
    |empty_354_reg_5642                                                                |   2|   0|    2|          0|
    |empty_357_reg_5763                                                                |  30|   0|   30|          0|
    |empty_358_reg_5653                                                                |   2|   0|    2|          0|
    |empty_67_reg_4353                                                                 |  32|   0|   32|          0|
    |empty_70_reg_4373                                                                 |  32|   0|   32|          0|
    |empty_72_reg_4698                                                                 |  64|   0|   64|          0|
    |empty_73_reg_4717                                                                 |  64|   0|   64|          0|
    |empty_74_reg_4457                                                                 |  64|   0|   64|          0|
    |empty_75_reg_4482                                                                 |   2|   0|    2|          0|
    |empty_77_reg_4586                                                                 |   8|   0|    8|          0|
    |empty_79_reg_4493                                                                 |   2|   0|    2|          0|
    |empty_81_reg_4602                                                                 |   8|   0|    8|          0|
    |empty_83_reg_4504                                                                 |   2|   0|    2|          0|
    |empty_85_reg_4618                                                                 |   8|   0|    8|          0|
    |empty_87_reg_4515                                                                 |   2|   0|    2|          0|
    |empty_89_reg_4634                                                                 |   8|   0|    8|          0|
    |empty_91_reg_4526                                                                 |   2|   0|    2|          0|
    |empty_93_reg_4650                                                                 |   8|   0|    8|          0|
    |empty_95_reg_4537                                                                 |   2|   0|    2|          0|
    |empty_97_reg_4677                                                                 |   8|   0|    8|          0|
    |empty_99_reg_4548                                                                 |   2|   0|    2|          0|
    |empty_reg_4343                                                                    |  32|   0|   32|          0|
    |gmem_addr_10_reg_4591                                                             |  64|   0|   64|          0|
    |gmem_addr_11_reg_4607                                                             |  64|   0|   64|          0|
    |gmem_addr_12_reg_4623                                                             |  64|   0|   64|          0|
    |gmem_addr_13_reg_4639                                                             |  64|   0|   64|          0|
    |gmem_addr_14_reg_4655                                                             |  64|   0|   64|          0|
    |gmem_addr_15_reg_4666                                                             |  64|   0|   64|          0|
    |gmem_addr_16_reg_4687                                                             |  64|   0|   64|          0|
    |gmem_addr_17_reg_4741                                                             |  64|   0|   64|          0|
    |gmem_addr_18_reg_4768                                                             |  64|   0|   64|          0|
    |gmem_addr_19_reg_4784                                                             |  64|   0|   64|          0|
    |gmem_addr_1_reg_4487                                                              |  64|   0|   64|          0|
    |gmem_addr_20_reg_4800                                                             |  64|   0|   64|          0|
    |gmem_addr_21_reg_4816                                                             |  64|   0|   64|          0|
    |gmem_addr_22_reg_4832                                                             |  64|   0|   64|          0|
    |gmem_addr_23_reg_4848                                                             |  64|   0|   64|          0|
    |gmem_addr_24_reg_4864                                                             |  64|   0|   64|          0|
    |gmem_addr_25_reg_4885                                                             |  64|   0|   64|          0|
    |gmem_addr_26_reg_4901                                                             |  64|   0|   64|          0|
    |gmem_addr_27_reg_4922                                                             |  64|   0|   64|          0|
    |gmem_addr_28_reg_4943                                                             |  64|   0|   64|          0|
    |gmem_addr_29_reg_4964                                                             |  64|   0|   64|          0|
    |gmem_addr_2_reg_4498                                                              |  64|   0|   64|          0|
    |gmem_addr_30_reg_4985                                                             |  64|   0|   64|          0|
    |gmem_addr_31_reg_5006                                                             |  64|   0|   64|          0|
    |gmem_addr_32_reg_5017                                                             |  64|   0|   64|          0|
    |gmem_addr_33_reg_4752                                                             |  64|   0|   64|          0|
    |gmem_addr_34_reg_5063                                                             |  64|   0|   64|          0|
    |gmem_addr_35_reg_5084                                                             |  64|   0|   64|          0|
    |gmem_addr_36_reg_5105                                                             |  64|   0|   64|          0|
    |gmem_addr_37_reg_5126                                                             |  64|   0|   64|          0|
    |gmem_addr_38_reg_5147                                                             |  64|   0|   64|          0|
    |gmem_addr_39_reg_5168                                                             |  64|   0|   64|          0|
    |gmem_addr_3_reg_4509                                                              |  64|   0|   64|          0|
    |gmem_addr_40_reg_5189                                                             |  64|   0|   64|          0|
    |gmem_addr_41_reg_5210                                                             |  64|   0|   64|          0|
    |gmem_addr_42_reg_5231                                                             |  64|   0|   64|          0|
    |gmem_addr_43_reg_5247                                                             |  64|   0|   64|          0|
    |gmem_addr_44_reg_5268                                                             |  64|   0|   64|          0|
    |gmem_addr_45_reg_5289                                                             |  64|   0|   64|          0|
    |gmem_addr_46_reg_5310                                                             |  64|   0|   64|          0|
    |gmem_addr_47_reg_5331                                                             |  64|   0|   64|          0|
    |gmem_addr_48_reg_5342                                                             |  64|   0|   64|          0|
    |gmem_addr_49_reg_5378                                                             |  64|   0|   64|          0|
    |gmem_addr_4_reg_4520                                                              |  64|   0|   64|          0|
    |gmem_addr_50_reg_5399                                                             |  64|   0|   64|          0|
    |gmem_addr_51_reg_5420                                                             |  64|   0|   64|          0|
    |gmem_addr_52_reg_5441                                                             |  64|   0|   64|          0|
    |gmem_addr_53_reg_5462                                                             |  64|   0|   64|          0|
    |gmem_addr_54_reg_5483                                                             |  64|   0|   64|          0|
    |gmem_addr_55_reg_5504                                                             |  64|   0|   64|          0|
    |gmem_addr_56_reg_5525                                                             |  64|   0|   64|          0|
    |gmem_addr_57_reg_5546                                                             |  64|   0|   64|          0|
    |gmem_addr_58_reg_5567                                                             |  64|   0|   64|          0|
    |gmem_addr_59_reg_5583                                                             |  64|   0|   64|          0|
    |gmem_addr_5_reg_4531                                                              |  64|   0|   64|          0|
    |gmem_addr_60_reg_5604                                                             |  64|   0|   64|          0|
    |gmem_addr_61_reg_5625                                                             |  64|   0|   64|          0|
    |gmem_addr_62_reg_5636                                                             |  64|   0|   64|          0|
    |gmem_addr_63_reg_5647                                                             |  64|   0|   64|          0|
    |gmem_addr_6_reg_4542                                                              |  64|   0|   64|          0|
    |gmem_addr_7_reg_4553                                                              |  64|   0|   64|          0|
    |gmem_addr_8_reg_4564                                                              |  64|   0|   64|          0|
    |gmem_addr_9_reg_4575                                                              |  64|   0|   64|          0|
    |gmem_addr_reg_4476                                                                |  64|   0|   64|          0|
    |grp_cnn_accelerator_Pipeline_VITIS_LOOP_40_2_VITIS_LOOP_41_3_fu_270_ap_start_reg  |   1|   0|    1|          0|
    |input_r_read_reg_4268                                                             |  64|   0|   64|          0|
    |mul17_114_reg_4338                                                                |  32|   0|   32|          0|
    |mul17_1_1_reg_4378                                                                |  32|   0|   32|          0|
    |mul17_1_2_reg_4383                                                                |  32|   0|   32|          0|
    |mul17_1_3_reg_4388                                                                |  32|   0|   32|          0|
    |mul17_1_4_reg_4393                                                                |  32|   0|   32|          0|
    |mul17_1_5_reg_4398                                                                |  32|   0|   32|          0|
    |mul17_1_6_reg_4403                                                                |  32|   0|   32|          0|
    |mul17_1_7_reg_4408                                                                |  32|   0|   32|          0|
    |mul17_3_reg_4348                                                                  |  32|   0|   32|          0|
    |mul17_5_reg_4358                                                                  |  32|   0|   32|          0|
    |mul17_6_reg_4363                                                                  |  32|   0|   32|          0|
    |mul17_7_reg_4368                                                                  |  32|   0|   32|          0|
    |output_r_read_reg_4228                                                            |  64|   0|   64|          0|
    |p_cast379_reg_4450                                                                |  64|   0|   64|          0|
    |p_sub437_reg_4303                                                                 |  32|   0|   32|          0|
    |phi_mul7_fu_186                                                                   |  62|   0|   62|          0|
    |phi_mul7_load_reg_4423                                                            |  62|   0|   62|          0|
    |phi_mul_fu_190                                                                    |  36|   0|   36|          0|
    |phi_mul_load_reg_4428                                                             |  36|   0|   36|          0|
    |precision_read_reg_4194                                                           |  32|   0|   32|          0|
    |reg_412                                                                           |  32|   0|   32|          0|
    |tmp10_reg_4318                                                                    |  32|   0|   32|          0|
    |tmp11_reg_4323                                                                    |  32|   0|   32|          0|
    |tmp12_reg_4418                                                                    |  62|   0|   62|          0|
    |tmp1_reg_4273                                                                     |  32|   0|   32|          0|
    |tmp2_reg_4278                                                                     |  32|   0|   32|          0|
    |tmp3_reg_4283                                                                     |  32|   0|   32|          0|
    |tmp4_reg_4288                                                                     |  32|   0|   32|          0|
    |tmp5_reg_4293                                                                     |  32|   0|   32|          0|
    |tmp6_reg_4298                                                                     |  32|   0|   32|          0|
    |tmp7_reg_4308                                                                     |  32|   0|   32|          0|
    |tmp9_reg_4313                                                                     |  32|   0|   32|          0|
    |to_fu_194                                                                         |   5|   0|    5|          0|
    |weights2_read_reg_4233                                                            |  64|   0|   64|          0|
    |weights4_read_reg_4238                                                            |  64|   0|   64|          0|
    |weights6_read_reg_4243                                                            |  64|   0|   64|          0|
    |weights8_read_reg_4263                                                            |  64|   0|   64|          0|
    +----------------------------------------------------------------------------------+----+----+-----+-----------+
    |Total                                                                             |7866|   0| 7866|          0|
    +----------------------------------------------------------------------------------+----+----+-----+-----------+



================================================================
== Interface
================================================================
* Summary: 
+-----------------------+-----+-----+------------+-----------------+--------------+
|       RTL Ports       | Dir | Bits|  Protocol  |  Source Object  |    C Type    |
+-----------------------+-----+-----+------------+-----------------+--------------+
|s_axi_control_AWVALID  |   in|    1|       s_axi|          control|        scalar|
|s_axi_control_AWREADY  |  out|    1|       s_axi|          control|        scalar|
|s_axi_control_AWADDR   |   in|    7|       s_axi|          control|        scalar|
|s_axi_control_WVALID   |   in|    1|       s_axi|          control|        scalar|
|s_axi_control_WREADY   |  out|    1|       s_axi|          control|        scalar|
|s_axi_control_WDATA    |   in|   32|       s_axi|          control|        scalar|
|s_axi_control_WSTRB    |   in|    4|       s_axi|          control|        scalar|
|s_axi_control_ARVALID  |   in|    1|       s_axi|          control|        scalar|
|s_axi_control_ARREADY  |  out|    1|       s_axi|          control|        scalar|
|s_axi_control_ARADDR   |   in|    7|       s_axi|          control|        scalar|
|s_axi_control_RVALID   |  out|    1|       s_axi|          control|        scalar|
|s_axi_control_RREADY   |   in|    1|       s_axi|          control|        scalar|
|s_axi_control_RDATA    |  out|   32|       s_axi|          control|        scalar|
|s_axi_control_RRESP    |  out|    2|       s_axi|          control|        scalar|
|s_axi_control_BVALID   |  out|    1|       s_axi|          control|        scalar|
|s_axi_control_BREADY   |   in|    1|       s_axi|          control|        scalar|
|s_axi_control_BRESP    |  out|    2|       s_axi|          control|        scalar|
|ap_clk                 |   in|    1|  ap_ctrl_hs|  cnn_accelerator|  return value|
|ap_rst_n               |   in|    1|  ap_ctrl_hs|  cnn_accelerator|  return value|
|interrupt              |  out|    1|  ap_ctrl_hs|  cnn_accelerator|  return value|
|m_axi_gmem_AWVALID     |  out|    1|       m_axi|             gmem|       pointer|
|m_axi_gmem_AWREADY     |   in|    1|       m_axi|             gmem|       pointer|
|m_axi_gmem_AWADDR      |  out|   64|       m_axi|             gmem|       pointer|
|m_axi_gmem_AWID        |  out|    1|       m_axi|             gmem|       pointer|
|m_axi_gmem_AWLEN       |  out|    8|       m_axi|             gmem|       pointer|
|m_axi_gmem_AWSIZE      |  out|    3|       m_axi|             gmem|       pointer|
|m_axi_gmem_AWBURST     |  out|    2|       m_axi|             gmem|       pointer|
|m_axi_gmem_AWLOCK      |  out|    2|       m_axi|             gmem|       pointer|
|m_axi_gmem_AWCACHE     |  out|    4|       m_axi|             gmem|       pointer|
|m_axi_gmem_AWPROT      |  out|    3|       m_axi|             gmem|       pointer|
|m_axi_gmem_AWQOS       |  out|    4|       m_axi|             gmem|       pointer|
|m_axi_gmem_AWREGION    |  out|    4|       m_axi|             gmem|       pointer|
|m_axi_gmem_AWUSER      |  out|    1|       m_axi|             gmem|       pointer|
|m_axi_gmem_WVALID      |  out|    1|       m_axi|             gmem|       pointer|
|m_axi_gmem_WREADY      |   in|    1|       m_axi|             gmem|       pointer|
|m_axi_gmem_WDATA       |  out|   32|       m_axi|             gmem|       pointer|
|m_axi_gmem_WSTRB       |  out|    4|       m_axi|             gmem|       pointer|
|m_axi_gmem_WLAST       |  out|    1|       m_axi|             gmem|       pointer|
|m_axi_gmem_WID         |  out|    1|       m_axi|             gmem|       pointer|
|m_axi_gmem_WUSER       |  out|    1|       m_axi|             gmem|       pointer|
|m_axi_gmem_ARVALID     |  out|    1|       m_axi|             gmem|       pointer|
|m_axi_gmem_ARREADY     |   in|    1|       m_axi|             gmem|       pointer|
|m_axi_gmem_ARADDR      |  out|   64|       m_axi|             gmem|       pointer|
|m_axi_gmem_ARID        |  out|    1|       m_axi|             gmem|       pointer|
|m_axi_gmem_ARLEN       |  out|    8|       m_axi|             gmem|       pointer|
|m_axi_gmem_ARSIZE      |  out|    3|       m_axi|             gmem|       pointer|
|m_axi_gmem_ARBURST     |  out|    2|       m_axi|             gmem|       pointer|
|m_axi_gmem_ARLOCK      |  out|    2|       m_axi|             gmem|       pointer|
|m_axi_gmem_ARCACHE     |  out|    4|       m_axi|             gmem|       pointer|
|m_axi_gmem_ARPROT      |  out|    3|       m_axi|             gmem|       pointer|
|m_axi_gmem_ARQOS       |  out|    4|       m_axi|             gmem|       pointer|
|m_axi_gmem_ARREGION    |  out|    4|       m_axi|             gmem|       pointer|
|m_axi_gmem_ARUSER      |  out|    1|       m_axi|             gmem|       pointer|
|m_axi_gmem_RVALID      |   in|    1|       m_axi|             gmem|       pointer|
|m_axi_gmem_RREADY      |  out|    1|       m_axi|             gmem|       pointer|
|m_axi_gmem_RDATA       |   in|   32|       m_axi|             gmem|       pointer|
|m_axi_gmem_RLAST       |   in|    1|       m_axi|             gmem|       pointer|
|m_axi_gmem_RID         |   in|    1|       m_axi|             gmem|       pointer|
|m_axi_gmem_RUSER       |   in|    1|       m_axi|             gmem|       pointer|
|m_axi_gmem_RRESP       |   in|    2|       m_axi|             gmem|       pointer|
|m_axi_gmem_BVALID      |   in|    1|       m_axi|             gmem|       pointer|
|m_axi_gmem_BREADY      |  out|    1|       m_axi|             gmem|       pointer|
|m_axi_gmem_BRESP       |   in|    2|       m_axi|             gmem|       pointer|
|m_axi_gmem_BID         |   in|    1|       m_axi|             gmem|       pointer|
|m_axi_gmem_BUSER       |   in|    1|       m_axi|             gmem|       pointer|
+-----------------------+-----+-----+------------+-----------------+--------------+

