

================================================================
== Synthesis Summary Report of 'cnn_accelerator'
================================================================
+ General Information: 
    * Date:           Fri Feb 20 21:41:50 2026
    * Version:        2025.1 (Build 6135595 on May 21 2025)
    * Project:        cnn
    * Solution:       hls
    * Product family: 
    

+ Performance & Resource Estimates: 
    
    PS: '+' for module; 'o' for loop; '*' for dataflow
    +--------------------------------------------------------------+------+------+---------+-----------+----------+---------+------+----------+---------+----------+-------------+-------------+-----+
    |                            Modules                           | Issue|      |       Latency       | Iteration|         | Trip |          |         |          |             |             |     |
    |                            & Loops                           | Type | Slack| (cycles)|    (ns)   |  Latency | Interval| Count| Pipelined|  BRAM   |    DSP   |      FF     |     LUT     | URAM|
    +--------------------------------------------------------------+------+------+---------+-----------+----------+---------+------+----------+---------+----------+-------------+-------------+-----+
    |+ cnn_accelerator                                             |     -|  0.00|    17955|  1.796e+05|         -|    17956|     -|        no|  2 (~0%)|  40 (18%)|  14832 (13%)|  21020 (39%)|    -|
    | o VITIS_LOOP_39_1                                            |     -|  7.30|    17952|  1.795e+05|      1122|        -|    16|        no|        -|         -|            -|            -|    -|
    |  + cnn_accelerator_Pipeline_VITIS_LOOP_40_2_VITIS_LOOP_41_3  |     -|  0.00|     1047|  1.047e+04|         -|     1040|     -|    rewind|        -|         -|    3405 (3%)|   6331 (11%)|    -|
    |   o VITIS_LOOP_40_2_VITIS_LOOP_41_3                          |    II|  7.30|     1045|  1.045e+04|        38|       16|    64|       yes|        -|         -|            -|            -|    -|
    +--------------------------------------------------------------+------+------+---------+-----------+----------+---------+------+----------+---------+----------+-------------+-------------+-----+


================================================================
== HW Interfaces
================================================================
* M_AXI
+------------+------------+------------+---------------+---------+--------+----------+-----------+--------------+--------------+-------------+-------------+-------------------+
| Interface  | Read/Write | Data Width | Address Width | Latency | Offset | Register | Max Widen | Max Read     | Max Write    | Num Read    | Num Write   | Resource Estimate |
|            |            | (SW->HW)   |               |         |        |          | Bitwidth  | Burst Length | Burst Length | Outstanding | Outstanding |                   |
+------------+------------+------------+---------------+---------+--------+----------+-----------+--------------+--------------+-------------+-------------+-------------------+
| m_axi_gmem | READ_WRITE | 8 -> 32    | 64            | 0       | slave  | 0        | 0         | 16           | 16           | 16          | 16          | BRAM=2            |
+------------+------------+------------+---------------+---------+--------+----------+-----------+--------------+--------------+-------------+-------------+-------------------+

* S_AXILITE Interfaces
+---------------+------------+---------------+--------+----------+
| Interface     | Data Width | Address Width | Offset | Register |
+---------------+------------+---------------+--------+----------+
| s_axi_control | 32         | 7             | 16     | 0        |
+---------------+------------+---------------+--------+----------+

* S_AXILITE Registers
+---------------+------------+--------+-------+--------+----------------------------------+----------------------------------------------------------------------+
| Interface     | Register   | Offset | Width | Access | Description                      | Bit Fields                                                           |
+---------------+------------+--------+-------+--------+----------------------------------+----------------------------------------------------------------------+
| s_axi_control | CTRL       | 0x00   | 32    | RW     | Control signals                  | 0=AP_START 1=AP_DONE 2=AP_IDLE 3=AP_READY 7=AUTO_RESTART 9=INTERRUPT |
| s_axi_control | GIER       | 0x04   | 32    | RW     | Global Interrupt Enable Register | 0=Enable                                                             |
| s_axi_control | IP_IER     | 0x08   | 32    | RW     | IP Interrupt Enable Register     | 0=CHAN0_INT_EN 1=CHAN1_INT_EN                                        |
| s_axi_control | IP_ISR     | 0x0c   | 32    | RW     | IP Interrupt Status Register     | 0=CHAN0_INT_ST 1=CHAN1_INT_ST                                        |
| s_axi_control | input_r_1  | 0x10   | 32    | W      | Data signal of input_r           |                                                                      |
| s_axi_control | input_r_2  | 0x14   | 32    | W      | Data signal of input_r           |                                                                      |
| s_axi_control | weights8_1 | 0x1c   | 32    | W      | Data signal of weights8          |                                                                      |
| s_axi_control | weights8_2 | 0x20   | 32    | W      | Data signal of weights8          |                                                                      |
| s_axi_control | weights6_1 | 0x28   | 32    | W      | Data signal of weights6          |                                                                      |
| s_axi_control | weights6_2 | 0x2c   | 32    | W      | Data signal of weights6          |                                                                      |
| s_axi_control | weights4_1 | 0x34   | 32    | W      | Data signal of weights4          |                                                                      |
| s_axi_control | weights4_2 | 0x38   | 32    | W      | Data signal of weights4          |                                                                      |
| s_axi_control | weights2_1 | 0x40   | 32    | W      | Data signal of weights2          |                                                                      |
| s_axi_control | weights2_2 | 0x44   | 32    | W      | Data signal of weights2          |                                                                      |
| s_axi_control | output_r_1 | 0x4c   | 32    | W      | Data signal of output_r          |                                                                      |
| s_axi_control | output_r_2 | 0x50   | 32    | W      | Data signal of output_r          |                                                                      |
| s_axi_control | Cin        | 0x58   | 32    | W      | Data signal of Cin               |                                                                      |
| s_axi_control | Cout       | 0x60   | 32    | W      | Data signal of Cout              |                                                                      |
| s_axi_control | H          | 0x68   | 32    | W      | Data signal of H                 |                                                                      |
| s_axi_control | W          | 0x70   | 32    | W      | Data signal of W                 |                                                                      |
| s_axi_control | precision  | 0x78   | 32    | W      | Data signal of precision         |                                                                      |
+---------------+------------+--------+-------+--------+----------------------------------+----------------------------------------------------------------------+

* TOP LEVEL CONTROL
+-----------+------------+-----------+
| Interface | Type       | Ports     |
+-----------+------------+-----------+
| ap_clk    | clock      | ap_clk    |
| ap_rst_n  | reset      | ap_rst_n  |
| interrupt | interrupt  | interrupt |
| ap_ctrl   | ap_ctrl_hs |           |
+-----------+------------+-----------+


================================================================
== SW I/O Information
================================================================
* Top Function Arguments
+-----------+-----------+-------------+
| Argument  | Direction | Datatype    |
+-----------+-----------+-------------+
| input     | inout     | ap_int<8>*  |
| weights8  | inout     | ap_int<8>*  |
| weights6  | inout     | ap_int<6>*  |
| weights4  | inout     | ap_int<4>*  |
| weights2  | inout     | ap_int<2>*  |
| output    | inout     | ap_int<32>* |
| Cin       | in        | int         |
| Cout      | in        | int         |
| H         | in        | int         |
| W         | in        | int         |
| precision | in        | int         |
+-----------+-----------+-------------+

* SW-to-HW Mapping
+-----------+---------------+-----------+----------+--------------------------------------+
| Argument  | HW Interface  | HW Type   | HW Usage | HW Info                              |
+-----------+---------------+-----------+----------+--------------------------------------+
| input     | m_axi_gmem    | interface |          | channel=0                            |
| input     | s_axi_control | register  | offset   | name=input_r_1 offset=0x10 range=32  |
| input     | s_axi_control | register  | offset   | name=input_r_2 offset=0x14 range=32  |
| weights8  | m_axi_gmem    | interface |          | channel=0                            |
| weights8  | s_axi_control | register  | offset   | name=weights8_1 offset=0x1c range=32 |
| weights8  | s_axi_control | register  | offset   | name=weights8_2 offset=0x20 range=32 |
| weights6  | m_axi_gmem    | interface |          | channel=0                            |
| weights6  | s_axi_control | register  | offset   | name=weights6_1 offset=0x28 range=32 |
| weights6  | s_axi_control | register  | offset   | name=weights6_2 offset=0x2c range=32 |
| weights4  | m_axi_gmem    | interface |          | channel=0                            |
| weights4  | s_axi_control | register  | offset   | name=weights4_1 offset=0x34 range=32 |
| weights4  | s_axi_control | register  | offset   | name=weights4_2 offset=0x38 range=32 |
| weights2  | m_axi_gmem    | interface |          | channel=0                            |
| weights2  | s_axi_control | register  | offset   | name=weights2_1 offset=0x40 range=32 |
| weights2  | s_axi_control | register  | offset   | name=weights2_2 offset=0x44 range=32 |
| output    | m_axi_gmem    | interface |          | channel=0                            |
| output    | s_axi_control | register  | offset   | name=output_r_1 offset=0x4c range=32 |
| output    | s_axi_control | register  | offset   | name=output_r_2 offset=0x50 range=32 |
| Cin       | s_axi_control | register  |          | name=Cin offset=0x58 range=32        |
| Cout      | s_axi_control | register  |          | name=Cout offset=0x60 range=32       |
| H         | s_axi_control | register  |          | name=H offset=0x68 range=32          |
| W         | s_axi_control | register  |          | name=W offset=0x70 range=32          |
| precision | s_axi_control | register  |          | name=precision offset=0x78 range=32  |
+-----------+---------------+-----------+----------+--------------------------------------+


================================================================
== M_AXI Burst Information
================================================================
 Note: All burst requests might be further partitioned into multiple requests during RTL generation based on max_read_burst_length or max_write_burst_length settings.

* Inferred Burst Summary
+--------------+-----------+--------+-------+-----------------+-----------------------+
| HW Interface | Direction | Length | Width | Loop            | Loop Location         |
+--------------+-----------+--------+-------+-----------------+-----------------------+
| m_axi_gmem   | write     | 8      | 32    | VITIS_LOOP_41_3 | accelerator.cpp:41:22 |
+--------------+-----------+--------+-------+-----------------+-----------------------+

* All M_AXI Variable Accesses
+--------------+----------+-----------------------+-----------+--------------+--------+-----------------+-----------------------+------------+-------------------------------------------------------------------------------------------------------+
| HW Interface | Variable | Access Location       | Direction | Burst Status | Length | Loop            | Loop Location         | Resolution | Problem                                                                                               |
+--------------+----------+-----------------------+-----------+--------------+--------+-----------------+-----------------------+------------+-------------------------------------------------------------------------------------------------------+
| m_axi_gmem   | input    | accelerator.cpp:60:9  | read      | Fail         |        |                 |                       | 214-231    | Access is clobbered by load                                                                           |
| m_axi_gmem   | output   | accelerator.cpp:73:36 | write     | Widen Fail   |        | VITIS_LOOP_41_3 | accelerator.cpp:41:22 | 214-353    | Could not widen since type i32 size is greater than or equal to the max_widen_bitwidth threshold of 0 |
| m_axi_gmem   | output   | accelerator.cpp:73:36 | write     | Fail         |        | VITIS_LOOP_40_2 | accelerator.cpp:40:22 | 214-230    | Stride is incompatible                                                                                |
| m_axi_gmem   | output   | accelerator.cpp:73:36 | write     | Inferred     | 8      | VITIS_LOOP_41_3 | accelerator.cpp:41:22 |            |                                                                                                       |
+--------------+----------+-----------------------+-----------+--------------+--------+-----------------+-----------------------+------------+-------------------------------------------------------------------------------------------------------+

    * Resolution URL: docs.xilinx.com/access/sources/dita/topic?Doc_Version=2025.1%20English&url=ug1448-hls-guidance&resourceid=XXX-YYY.html (replace XXX-YYY with column value)

================================================================
== Bind Op Report
================================================================
+-------------------------------------------------------------+-----+--------+---------------+--------+-----------+---------+
| Name                                                        | DSP | Pragma | Variable      | Op     | Impl      | Latency |
+-------------------------------------------------------------+-----+--------+---------------+--------+-----------+---------+
| + cnn_accelerator                                           | 40  |        |               |        |           |         |
|   mul_32s_32s_32_2_1_U155                                   | 3   |        | mul17_114     | mul    | auto      | 1       |
|   tmp1_fu_422_p2                                            |     |        | tmp1          | sub    | fabric    | 0       |
|   mul_32s_32s_32_2_1_U156                                   | 3   |        | mul17_3       | mul    | auto      | 1       |
|   tmp2_fu_428_p2                                            |     |        | tmp2          | add    | fabric    | 0       |
|   mul_32s_32s_32_2_1_U157                                   | 3   |        | mul17_5       | mul    | auto      | 1       |
|   tmp3_fu_446_p2                                            |     |        | tmp3          | sub    | fabric    | 0       |
|   mul_32s_32s_32_2_1_U158                                   | 3   |        | mul17_6       | mul    | auto      | 1       |
|   tmp4_fu_452_p2                                            |     |        | tmp4          | sub    | fabric    | 0       |
|   mul_32s_32s_32_2_1_U159                                   | 3   |        | mul17_7       | mul    | auto      | 1       |
|   tmp5_fu_458_p2                                            |     |        | tmp5          | add    | fabric    | 0       |
|   mul_32s_32s_32_2_1_U160                                   | 3   |        | mul17_1_1     | mul    | auto      | 1       |
|   tmp6_fu_464_p2                                            |     |        | tmp6          | add    | fabric    | 0       |
|   mul_32s_32s_32_2_1_U161                                   | 3   |        | mul17_1_2     | mul    | auto      | 1       |
|   p_sub437_fu_476_p2                                        |     |        | p_sub437      | sub    | fabric    | 0       |
|   tmp7_fu_482_p2                                            |     |        | tmp7          | sub    | fabric    | 0       |
|   mul_32s_32s_32_2_1_U162                                   | 3   |        | mul17_1_3     | mul    | auto      | 1       |
|   mul_32s_32s_32_2_1_U163                                   | 3   |        | mul17_1_4     | mul    | auto      | 1       |
|   tmp9_fu_488_p2                                            |     |        | tmp9          | add    | fabric    | 0       |
|   mul_32s_32s_32_2_1_U164                                   | 3   |        | mul17_1_5     | mul    | auto      | 1       |
|   tmp10_fu_494_p2                                           |     |        | tmp10         | sub    | fabric    | 0       |
|   mul_32s_32s_32_2_1_U165                                   | 3   |        | mul17_1_6     | mul    | auto      | 1       |
|   tmp11_fu_500_p2                                           |     |        | tmp11         | sub    | fabric    | 0       |
|   mul_32s_32s_32_2_1_U166                                   | 3   |        | mul17_1_7     | mul    | auto      | 1       |
|   mul_32s_32s_62_2_1_U167                                   | 4   |        | tmp12         | mul    | auto      | 1       |
|   add_ln39_1_fu_559_p2                                      |     |        | add_ln39_1    | add    | fabric    | 0       |
|   add_ln39_2_fu_564_p2                                      |     |        | add_ln39_2    | add    | fabric    | 0       |
|   icmp_ln39_fu_569_p2                                       |     |        | icmp_ln39     | seteq  | auto      | 0       |
|   add_ln39_fu_575_p2                                        |     |        | add_ln39      | add    | fabric    | 0       |
|   empty_72_fu_1239_p2                                       |     |        | empty_72      | add    | fabric    | 0       |
|   empty_73_fu_1243_p2                                       |     |        | empty_73      | add    | fabric    | 0       |
|   empty_74_fu_585_p2                                        |     |        | empty_74      | add    | fabric    | 0       |
|   empty_76_fu_901_p2                                        |     |        | empty_76      | lshr   | auto_pipe | 0       |
|   empty_78_fu_629_p2                                        |     |        | empty_78      | add    | fabric    | 0       |
|   empty_80_fu_951_p2                                        |     |        | empty_80      | lshr   | auto_pipe | 0       |
|   empty_82_fu_658_p2                                        |     |        | empty_82      | add    | fabric    | 0       |
|   empty_84_fu_1001_p2                                       |     |        | empty_84      | lshr   | auto_pipe | 0       |
|   empty_86_fu_687_p2                                        |     |        | empty_86      | add    | fabric    | 0       |
|   empty_88_fu_1051_p2                                       |     |        | empty_88      | lshr   | auto_pipe | 0       |
|   empty_90_fu_716_p2                                        |     |        | empty_90      | add    | fabric    | 0       |
|   empty_92_fu_1101_p2                                       |     |        | empty_92      | lshr   | auto_pipe | 0       |
|   empty_94_fu_745_p2                                        |     |        | empty_94      | add    | fabric    | 0       |
|   empty_96_fu_1180_p2                                       |     |        | empty_96      | lshr   | auto_pipe | 0       |
|   empty_98_fu_774_p2                                        |     |        | empty_98      | add    | fabric    | 0       |
|   empty_100_fu_1201_p2                                      |     |        | empty_100     | lshr   | auto_pipe | 0       |
|   empty_102_fu_803_p2                                       |     |        | empty_102     | add    | fabric    | 0       |
|   empty_104_fu_1258_p2                                      |     |        | empty_104     | lshr   | auto_pipe | 0       |
|   empty_106_fu_832_p2                                       |     |        | empty_106     | add    | fabric    | 0       |
|   empty_108_fu_1327_p2                                      |     |        | empty_108     | lshr   | auto_pipe | 0       |
|   empty_110_fu_861_p2                                       |     |        | empty_110     | add    | fabric    | 0       |
|   empty_112_fu_1377_p2                                      |     |        | empty_112     | lshr   | auto_pipe | 0       |
|   empty_114_fu_911_p2                                       |     |        | empty_114     | add    | fabric    | 0       |
|   empty_116_fu_1427_p2                                      |     |        | empty_116     | lshr   | auto_pipe | 0       |
|   empty_118_fu_961_p2                                       |     |        | empty_118     | add    | fabric    | 0       |
|   empty_120_fu_1477_p2                                      |     |        | empty_120     | lshr   | auto_pipe | 0       |
|   empty_122_fu_1011_p2                                      |     |        | empty_122     | add    | fabric    | 0       |
|   empty_124_fu_1527_p2                                      |     |        | empty_124     | lshr   | auto_pipe | 0       |
|   empty_126_fu_1061_p2                                      |     |        | empty_126     | add    | fabric    | 0       |
|   empty_128_fu_1577_p2                                      |     |        | empty_128     | lshr   | auto_pipe | 0       |
|   empty_130_fu_1111_p2                                      |     |        | empty_130     | add    | fabric    | 0       |
|   empty_132_fu_1627_p2                                      |     |        | empty_132     | lshr   | auto_pipe | 0       |
|   empty_134_fu_1140_p2                                      |     |        | empty_134     | add    | fabric    | 0       |
|   empty_136_fu_1677_p2                                      |     |        | empty_136     | lshr   | auto_pipe | 0       |
|   empty_138_fu_1211_p2                                      |     |        | empty_138     | add    | fabric    | 0       |
|   empty_141_fu_1731_p2                                      |     |        | empty_141     | lshr   | auto_pipe | 0       |
|   empty_144_fu_1790_p2                                      |     |        | empty_144     | lshr   | auto_pipe | 0       |
|   empty_145_fu_1337_p2                                      |     |        | empty_145     | add    | fabric    | 0       |
|   empty_148_fu_1843_p2                                      |     |        | empty_148     | lshr   | auto_pipe | 0       |
|   empty_149_fu_1387_p2                                      |     |        | empty_149     | add    | fabric    | 0       |
|   empty_152_fu_1896_p2                                      |     |        | empty_152     | lshr   | auto_pipe | 0       |
|   empty_153_fu_1437_p2                                      |     |        | empty_153     | add    | fabric    | 0       |
|   empty_156_fu_1949_p2                                      |     |        | empty_156     | lshr   | auto_pipe | 0       |
|   empty_157_fu_1487_p2                                      |     |        | empty_157     | add    | fabric    | 0       |
|   empty_160_fu_2002_p2                                      |     |        | empty_160     | lshr   | auto_pipe | 0       |
|   empty_161_fu_1537_p2                                      |     |        | empty_161     | add    | fabric    | 0       |
|   empty_164_fu_2084_p2                                      |     |        | empty_164     | lshr   | auto_pipe | 0       |
|   empty_165_fu_1587_p2                                      |     |        | empty_165     | add    | fabric    | 0       |
|   empty_168_fu_2108_p2                                      |     |        | empty_168     | lshr   | auto_pipe | 0       |
|   empty_169_fu_1637_p2                                      |     |        | empty_169     | add    | fabric    | 0       |
|   empty_172_fu_2132_p2                                      |     |        | empty_172     | lshr   | auto_pipe | 0       |
|   empty_173_fu_1691_p2                                      |     |        | empty_173     | add    | fabric    | 0       |
|   empty_176_fu_2185_p2                                      |     |        | empty_176     | lshr   | auto_pipe | 0       |
|   empty_177_fu_1740_p2                                      |     |        | empty_177     | add    | fabric    | 0       |
|   empty_180_fu_2238_p2                                      |     |        | empty_180     | lshr   | auto_pipe | 0       |
|   empty_181_fu_1799_p2                                      |     |        | empty_181     | add    | fabric    | 0       |
|   empty_184_fu_2291_p2                                      |     |        | empty_184     | lshr   | auto_pipe | 0       |
|   empty_185_fu_1852_p2                                      |     |        | empty_185     | add    | fabric    | 0       |
|   empty_188_fu_2344_p2                                      |     |        | empty_188     | lshr   | auto_pipe | 0       |
|   empty_189_fu_1905_p2                                      |     |        | empty_189     | add    | fabric    | 0       |
|   empty_192_fu_2397_p2                                      |     |        | empty_192     | lshr   | auto_pipe | 0       |
|   empty_193_fu_1958_p2                                      |     |        | empty_193     | add    | fabric    | 0       |
|   empty_196_fu_2450_p2                                      |     |        | empty_196     | lshr   | auto_pipe | 0       |
|   empty_197_fu_2011_p2                                      |     |        | empty_197     | add    | fabric    | 0       |
|   empty_200_fu_2503_p2                                      |     |        | empty_200     | lshr   | auto_pipe | 0       |
|   empty_201_fu_2040_p2                                      |     |        | empty_201     | add    | fabric    | 0       |
|   empty_204_fu_2556_p2                                      |     |        | empty_204     | lshr   | auto_pipe | 0       |
|   empty_223_fu_2609_p2                                      |     |        | empty_223     | lshr   | auto_pipe | 0       |
|   empty_224_fu_2145_p2                                      |     |        | empty_224     | add    | fabric    | 0       |
|   empty_227_fu_2662_p2                                      |     |        | empty_227     | lshr   | auto_pipe | 0       |
|   empty_228_fu_2198_p2                                      |     |        | empty_228     | add    | fabric    | 0       |
|   empty_231_fu_2715_p2                                      |     |        | empty_231     | lshr   | auto_pipe | 0       |
|   empty_232_fu_2251_p2                                      |     |        | empty_232     | add    | fabric    | 0       |
|   empty_235_fu_2768_p2                                      |     |        | empty_235     | lshr   | auto_pipe | 0       |
|   empty_236_fu_2304_p2                                      |     |        | empty_236     | add    | fabric    | 0       |
|   empty_239_fu_2821_p2                                      |     |        | empty_239     | lshr   | auto_pipe | 0       |
|   empty_240_fu_2357_p2                                      |     |        | empty_240     | add    | fabric    | 0       |
|   empty_243_fu_2903_p2                                      |     |        | empty_243     | lshr   | auto_pipe | 0       |
|   empty_244_fu_2410_p2                                      |     |        | empty_244     | add    | fabric    | 0       |
|   empty_247_fu_2927_p2                                      |     |        | empty_247     | lshr   | auto_pipe | 0       |
|   empty_248_fu_2463_p2                                      |     |        | empty_248     | add    | fabric    | 0       |
|   empty_251_fu_2989_p2                                      |     |        | empty_251     | lshr   | auto_pipe | 0       |
|   empty_252_fu_2516_p2                                      |     |        | empty_252     | add    | fabric    | 0       |
|   empty_255_fu_3051_p2                                      |     |        | empty_255     | lshr   | auto_pipe | 0       |
|   empty_256_fu_2569_p2                                      |     |        | empty_256     | add    | fabric    | 0       |
|   empty_259_fu_3113_p2                                      |     |        | empty_259     | lshr   | auto_pipe | 0       |
|   empty_260_fu_2618_p2                                      |     |        | empty_260     | add    | fabric    | 0       |
|   empty_263_fu_3175_p2                                      |     |        | empty_263     | lshr   | auto_pipe | 0       |
|   empty_264_fu_2671_p2                                      |     |        | empty_264     | add    | fabric    | 0       |
|   empty_267_fu_3237_p2                                      |     |        | empty_267     | lshr   | auto_pipe | 0       |
|   empty_268_fu_2724_p2                                      |     |        | empty_268     | add    | fabric    | 0       |
|   empty_271_fu_3299_p2                                      |     |        | empty_271     | lshr   | auto_pipe | 0       |
|   empty_272_fu_2777_p2                                      |     |        | empty_272     | add    | fabric    | 0       |
|   empty_275_fu_3361_p2                                      |     |        | empty_275     | lshr   | auto_pipe | 0       |
|   empty_276_fu_2830_p2                                      |     |        | empty_276     | add    | fabric    | 0       |
|   empty_279_fu_3423_p2                                      |     |        | empty_279     | lshr   | auto_pipe | 0       |
|   empty_280_fu_2859_p2                                      |     |        | empty_280     | add    | fabric    | 0       |
|   empty_283_fu_3485_p2                                      |     |        | empty_283     | lshr   | auto_pipe | 0       |
|   tmp13_fu_2940_p2                                          |     |        | tmp13         | add    | fabric    | 0       |
|   empty_300_fu_2949_p2                                      |     |        | empty_300     | add    | fabric    | 0       |
|   empty_303_fu_3547_p2                                      |     |        | empty_303     | lshr   | auto_pipe | 0       |
|   tmp14_fu_3002_p2                                          |     |        | tmp14         | add    | fabric    | 0       |
|   empty_304_fu_3011_p2                                      |     |        | empty_304     | add    | fabric    | 0       |
|   empty_307_fu_3615_p2                                      |     |        | empty_307     | lshr   | auto_pipe | 0       |
|   tmp15_fu_3064_p2                                          |     |        | tmp15         | add    | fabric    | 0       |
|   empty_308_fu_3073_p2                                      |     |        | empty_308     | add    | fabric    | 0       |
|   empty_311_fu_3683_p2                                      |     |        | empty_311     | lshr   | auto_pipe | 0       |
|   tmp16_fu_3126_p2                                          |     |        | tmp16         | add    | fabric    | 0       |
|   empty_312_fu_3135_p2                                      |     |        | empty_312     | add    | fabric    | 0       |
|   empty_315_fu_3827_p2                                      |     |        | empty_315     | lshr   | auto_pipe | 0       |
|   tmp17_fu_3188_p2                                          |     |        | tmp17         | add    | fabric    | 0       |
|   empty_316_fu_3197_p2                                      |     |        | empty_316     | add    | fabric    | 0       |
|   empty_319_fu_3857_p2                                      |     |        | empty_319     | lshr   | auto_pipe | 0       |
|   tmp18_fu_3250_p2                                          |     |        | tmp18         | add    | fabric    | 0       |
|   empty_320_fu_3259_p2                                      |     |        | empty_320     | add    | fabric    | 0       |
|   empty_323_fu_3887_p2                                      |     |        | empty_323     | lshr   | auto_pipe | 0       |
|   tmp19_fu_3312_p2                                          |     |        | tmp19         | add    | fabric    | 0       |
|   empty_324_fu_3321_p2                                      |     |        | empty_324     | add    | fabric    | 0       |
|   empty_327_fu_3917_p2                                      |     |        | empty_327     | lshr   | auto_pipe | 0       |
|   tmp20_fu_3374_p2                                          |     |        | tmp20         | add    | fabric    | 0       |
|   empty_328_fu_3383_p2                                      |     |        | empty_328     | add    | fabric    | 0       |
|   empty_331_fu_3947_p2                                      |     |        | empty_331     | lshr   | auto_pipe | 0       |
|   tmp21_fu_3436_p2                                          |     |        | tmp21         | add    | fabric    | 0       |
|   empty_332_fu_3445_p2                                      |     |        | empty_332     | add    | fabric    | 0       |
|   empty_335_fu_3977_p2                                      |     |        | empty_335     | lshr   | auto_pipe | 0       |
|   tmp22_fu_3498_p2                                          |     |        | tmp22         | add    | fabric    | 0       |
|   empty_336_fu_3507_p2                                      |     |        | empty_336     | add    | fabric    | 0       |
|   empty_339_fu_4007_p2                                      |     |        | empty_339     | lshr   | auto_pipe | 0       |
|   tmp23_fu_3556_p2                                          |     |        | tmp23         | add    | fabric    | 0       |
|   empty_340_fu_3565_p2                                      |     |        | empty_340     | add    | fabric    | 0       |
|   empty_343_fu_4037_p2                                      |     |        | empty_343     | lshr   | auto_pipe | 0       |
|   tmp24_fu_3624_p2                                          |     |        | tmp24         | add    | fabric    | 0       |
|   empty_344_fu_3633_p2                                      |     |        | empty_344     | add    | fabric    | 0       |
|   empty_347_fu_4067_p2                                      |     |        | empty_347     | lshr   | auto_pipe | 0       |
|   tmp25_fu_3692_p2                                          |     |        | tmp25         | add    | fabric    | 0       |
|   empty_348_fu_3701_p2                                      |     |        | empty_348     | add    | fabric    | 0       |
|   empty_351_fu_4097_p2                                      |     |        | empty_351     | lshr   | auto_pipe | 0       |
|   tmp26_fu_3730_p2                                          |     |        | tmp26         | add    | fabric    | 0       |
|   empty_352_fu_3739_p2                                      |     |        | empty_352     | add    | fabric    | 0       |
|   empty_355_fu_4127_p2                                      |     |        | empty_355     | lshr   | auto_pipe | 0       |
|   tmp27_fu_3768_p2                                          |     |        | tmp27         | add    | fabric    | 0       |
|   empty_356_fu_3777_p2                                      |     |        | empty_356     | add    | fabric    | 0       |
|   empty_359_fu_4157_p2                                      |     |        | empty_359     | lshr   | auto_pipe | 0       |
|  + cnn_accelerator_Pipeline_VITIS_LOOP_40_2_VITIS_LOOP_41_3 | 0   |        |               |        |           |         |
|    icmp_ln40_fu_1246_p2                                     |     |        | icmp_ln40     | seteq  | auto      | 0       |
|    add_ln40_fu_1252_p2                                      |     |        | add_ln40      | add    | fabric    | 0       |
|    icmp_ln41_fu_1264_p2                                     |     |        | icmp_ln41     | seteq  | auto      | 0       |
|    select_ln40_fu_1270_p3                                   |     |        | select_ln40   | select | auto_sel  | 0       |
|    add_ln40_1_fu_1278_p2                                    |     |        | add_ln40_1    | add    | fabric    | 0       |
|    select_ln40_1_fu_1284_p3                                 |     |        | select_ln40_1 | select | auto_sel  | 0       |
|    first_iter_0_fu_1292_p2                                  |     |        | first_iter_0  | seteq  | auto      | 0       |
|    mul_4ns_32s_36_2_1_U1                                    |     |        | empty_63      | mul    | auto      | 1       |
|    empty_64_fu_1527_p2                                      |     |        | empty_64      | add    | fabric    | 0       |
|    empty_65_fu_1540_p2                                      |     |        | empty_65      | add    | fabric    | 0       |
|    lshr_ln60_fu_1971_p2                                     |     |        | lshr_ln60     | lshr   | auto_pipe | 0       |
|    add_ln60_2_fu_1606_p2                                    |     |        | add_ln60_2    | add    | fabric    | 0       |
|    add_ln60_4_fu_1626_p2                                    |     |        | add_ln60_4    | add    | fabric    | 0       |
|    add_ln60_3_fu_1635_p2                                    |     |        | add_ln60_3    | add    | fabric    | 0       |
|    lshr_ln60_1_fu_2062_p2                                   |     |        | lshr_ln60_1   | lshr   | auto_pipe | 0       |
|    add_ln60_6_fu_1664_p2                                    |     |        | add_ln60_6    | add    | fabric    | 0       |
|    add_ln60_5_fu_1672_p2                                    |     |        | add_ln60_5    | add    | fabric    | 0       |
|    lshr_ln60_2_fu_2309_p2                                   |     |        | lshr_ln60_2   | lshr   | auto_pipe | 0       |
|    add_ln60_8_fu_1701_p2                                    |     |        | add_ln60_8    | add    | fabric    | 0       |
|    add_ln60_7_fu_1709_p2                                    |     |        | add_ln60_7    | add    | fabric    | 0       |
|    lshr_ln60_3_fu_2391_p2                                   |     |        | lshr_ln60_3   | lshr   | auto_pipe | 0       |
|    add_ln60_10_fu_1738_p2                                   |     |        | add_ln60_10   | add    | fabric    | 0       |
|    add_ln60_9_fu_1746_p2                                    |     |        | add_ln60_9    | add    | fabric    | 0       |
|    lshr_ln60_4_fu_2487_p2                                   |     |        | lshr_ln60_4   | lshr   | auto_pipe | 0       |
|    add_ln60_12_fu_1775_p2                                   |     |        | add_ln60_12   | add    | fabric    | 0       |
|    add_ln60_11_fu_1783_p2                                   |     |        | add_ln60_11   | add    | fabric    | 0       |
|    lshr_ln60_5_fu_2569_p2                                   |     |        | lshr_ln60_5   | lshr   | auto_pipe | 0       |
|    add_ln60_14_fu_1812_p2                                   |     |        | add_ln60_14   | add    | fabric    | 0       |
|    add_ln60_13_fu_1820_p2                                   |     |        | add_ln60_13   | add    | fabric    | 0       |
|    lshr_ln60_6_fu_2678_p2                                   |     |        | lshr_ln60_6   | lshr   | auto_pipe | 0       |
|    add_ln60_16_fu_1849_p2                                   |     |        | add_ln60_16   | add    | fabric    | 0       |
|    add_ln60_15_fu_1857_p2                                   |     |        | add_ln60_15   | add    | fabric    | 0       |
|    lshr_ln60_7_fu_2760_p2                                   |     |        | lshr_ln60_7   | lshr   | auto_pipe | 0       |
|    add_ln60_18_fu_1886_p2                                   |     |        | add_ln60_18   | add    | fabric    | 0       |
|    add_ln60_17_fu_1894_p2                                   |     |        | add_ln60_17   | add    | fabric    | 0       |
|    lshr_ln60_8_fu_2856_p2                                   |     |        | lshr_ln60_8   | lshr   | auto_pipe | 0       |
|    add_ln60_20_fu_1923_p2                                   |     |        | add_ln60_20   | add    | fabric    | 0       |
|    add_ln60_19_fu_1931_p2                                   |     |        | add_ln60_19   | add    | fabric    | 0       |
|    lshr_ln60_9_fu_2938_p2                                   |     |        | lshr_ln60_9   | lshr   | auto_pipe | 0       |
|    add_ln60_22_fu_1981_p2                                   |     |        | add_ln60_22   | add    | fabric    | 0       |
|    add_ln60_21_fu_1989_p2                                   |     |        | add_ln60_21   | add    | fabric    | 0       |
|    lshr_ln60_10_fu_3060_p2                                  |     |        | lshr_ln60_10  | lshr   | auto_pipe | 0       |
|    add_ln60_24_fu_2072_p2                                   |     |        | add_ln60_24   | add    | fabric    | 0       |
|    add_ln60_23_fu_2080_p2                                   |     |        | add_ln60_23   | add    | fabric    | 0       |
|    lshr_ln60_11_fu_3142_p2                                  |     |        | lshr_ln60_11  | lshr   | auto_pipe | 0       |
|    add_ln60_26_fu_2109_p2                                   |     |        | add_ln60_26   | add    | fabric    | 0       |
|    add_ln60_25_fu_2117_p2                                   |     |        | add_ln60_25   | add    | fabric    | 0       |
|    lshr_ln60_12_fu_3238_p2                                  |     |        | lshr_ln60_12  | lshr   | auto_pipe | 0       |
|    add_ln60_28_fu_2146_p2                                   |     |        | add_ln60_28   | add    | fabric    | 0       |
|    add_ln60_27_fu_2154_p2                                   |     |        | add_ln60_27   | add    | fabric    | 0       |
|    lshr_ln60_13_fu_3320_p2                                  |     |        | lshr_ln60_13  | lshr   | auto_pipe | 0       |
|    add_ln60_30_fu_2183_p2                                   |     |        | add_ln60_30   | add    | fabric    | 0       |
|    add_ln60_29_fu_2191_p2                                   |     |        | add_ln60_29   | add    | fabric    | 0       |
|    lshr_ln60_14_fu_3429_p2                                  |     |        | lshr_ln60_14  | lshr   | auto_pipe | 0       |
|    add_ln60_32_fu_2220_p2                                   |     |        | add_ln60_32   | add    | fabric    | 0       |
|    add_ln60_31_fu_2228_p2                                   |     |        | add_ln60_31   | add    | fabric    | 0       |
|    lshr_ln60_15_fu_3511_p2                                  |     |        | lshr_ln60_15  | lshr   | auto_pipe | 0       |
|    mul_2s_2s_2_1_1_U2                                       |     |        | acc_1         | mul    | auto      | 0       |
|    mul_4s_4s_4_1_1_U3                                       |     |        | acc           | mul    | auto      | 0       |
|    mul_4s_4s_4_1_1_U4                                       |     |        | mul_ln18      | mul    | auto      | 0       |
|    mul_8s_8s_16_1_1_U5                                      |     |        | mul_ln9       | mul    | auto      | 0       |
|    mul_2s_2s_2_1_1_U6                                       |     |        | acc_3         | mul    | auto      | 0       |
|    mul_4s_4s_4_1_1_U7                                       |     |        | acc_2         | mul    | auto      | 0       |
|    mul_4s_4s_4_1_1_U8                                       |     |        | mul_ln18_1    | mul    | auto      | 0       |
|    mul_8s_8s_16_1_1_U9                                      |     |        | mul_ln9_1     | mul    | auto      | 0       |
|    mul_2s_2s_2_1_1_U10                                      |     |        | acc_5         | mul    | auto      | 0       |
|    mul_4s_4s_4_1_1_U11                                      |     |        | acc_4         | mul    | auto      | 0       |
|    mul_4s_4s_4_1_1_U12                                      |     |        | mul_ln18_2    | mul    | auto      | 0       |
|    mul_8s_8s_16_1_1_U13                                     |     |        | mul_ln9_2     | mul    | auto      | 0       |
|    mul_2s_2s_2_1_1_U14                                      |     |        | acc_7         | mul    | auto      | 0       |
|    mul_4s_4s_4_1_1_U15                                      |     |        | acc_6         | mul    | auto      | 0       |
|    mul_4s_4s_4_1_1_U16                                      |     |        | mul_ln18_3    | mul    | auto      | 0       |
|    mul_8s_8s_16_1_1_U17                                     |     |        | mul_ln9_3     | mul    | auto      | 0       |
|    mul_2s_2s_2_1_1_U18                                      |     |        | acc_9         | mul    | auto      | 0       |
|    mul_4s_4s_4_1_1_U19                                      |     |        | acc_8         | mul    | auto      | 0       |
|    mul_4s_4s_4_1_1_U20                                      |     |        | mul_ln18_4    | mul    | auto      | 0       |
|    mul_8s_8s_16_1_1_U21                                     |     |        | mul_ln9_4     | mul    | auto      | 0       |
|    mul_2s_2s_2_1_1_U22                                      |     |        | acc_11        | mul    | auto      | 0       |
|    mul_4s_4s_4_1_1_U23                                      |     |        | acc_10        | mul    | auto      | 0       |
|    mul_4s_4s_4_1_1_U24                                      |     |        | mul_ln18_5    | mul    | auto      | 0       |
|    mul_8s_8s_16_1_1_U25                                     |     |        | mul_ln9_5     | mul    | auto      | 0       |
|    mul_2s_2s_2_1_1_U26                                      |     |        | acc_13        | mul    | auto      | 0       |
|    mul_4s_4s_4_1_1_U27                                      |     |        | acc_12        | mul    | auto      | 0       |
|    mul_4s_4s_4_1_1_U28                                      |     |        | mul_ln18_6    | mul    | auto      | 0       |
|    mul_8s_8s_16_1_1_U29                                     |     |        | mul_ln9_6     | mul    | auto      | 0       |
|    mul_2s_2s_2_1_1_U30                                      |     |        | acc_15        | mul    | auto      | 0       |
|    mul_4s_4s_4_1_1_U31                                      |     |        | acc_14        | mul    | auto      | 0       |
|    mul_4s_4s_4_1_1_U32                                      |     |        | mul_ln18_7    | mul    | auto      | 0       |
|    mul_8s_8s_16_1_1_U33                                     |     |        | mul_ln9_7     | mul    | auto      | 0       |
|    mul_2s_2s_2_1_1_U34                                      |     |        | acc_17        | mul    | auto      | 0       |
|    mul_4s_4s_4_1_1_U35                                      |     |        | acc_16        | mul    | auto      | 0       |
|    mul_4s_4s_4_1_1_U36                                      |     |        | mul_ln18_8    | mul    | auto      | 0       |
|    mul_8s_8s_16_1_1_U37                                     |     |        | mul_ln9_8     | mul    | auto      | 0       |
|    mul_2s_2s_2_1_1_U38                                      |     |        | acc_19        | mul    | auto      | 0       |
|    mul_4s_4s_4_1_1_U39                                      |     |        | acc_18        | mul    | auto      | 0       |
|    mul_4s_4s_4_1_1_U40                                      |     |        | mul_ln18_9    | mul    | auto      | 0       |
|    mul_8s_8s_16_1_1_U41                                     |     |        | mul_ln9_9     | mul    | auto      | 0       |
|    mul_2s_2s_2_1_1_U42                                      |     |        | acc_21        | mul    | auto      | 0       |
|    mul_4s_4s_4_1_1_U43                                      |     |        | acc_20        | mul    | auto      | 0       |
|    mul_4s_4s_4_1_1_U44                                      |     |        | mul_ln18_10   | mul    | auto      | 0       |
|    mul_8s_8s_16_1_1_U45                                     |     |        | mul_ln9_10    | mul    | auto      | 0       |
|    mul_2s_2s_2_1_1_U46                                      |     |        | acc_23        | mul    | auto      | 0       |
|    mul_4s_4s_4_1_1_U47                                      |     |        | acc_22        | mul    | auto      | 0       |
|    mul_4s_4s_4_1_1_U48                                      |     |        | mul_ln18_11   | mul    | auto      | 0       |
|    mul_8s_8s_16_1_1_U49                                     |     |        | mul_ln9_11    | mul    | auto      | 0       |
|    mul_2s_2s_2_1_1_U50                                      |     |        | acc_25        | mul    | auto      | 0       |
|    mul_4s_4s_4_1_1_U51                                      |     |        | acc_24        | mul    | auto      | 0       |
|    mul_4s_4s_4_1_1_U52                                      |     |        | mul_ln18_12   | mul    | auto      | 0       |
|    mul_8s_8s_16_1_1_U53                                     |     |        | mul_ln9_12    | mul    | auto      | 0       |
|    mul_2s_2s_2_1_1_U54                                      |     |        | acc_27        | mul    | auto      | 0       |
|    mul_4s_4s_4_1_1_U55                                      |     |        | acc_26        | mul    | auto      | 0       |
|    mul_4s_4s_4_1_1_U56                                      |     |        | mul_ln18_13   | mul    | auto      | 0       |
|    mul_8s_8s_16_1_1_U57                                     |     |        | mul_ln9_13    | mul    | auto      | 0       |
|    mul_2s_2s_2_1_1_U58                                      |     |        | acc_29        | mul    | auto      | 0       |
|    mul_4s_4s_4_1_1_U59                                      |     |        | acc_28        | mul    | auto      | 0       |
|    mul_4s_4s_4_1_1_U60                                      |     |        | mul_ln18_14   | mul    | auto      | 0       |
|    mul_8s_8s_16_1_1_U61                                     |     |        | mul_ln9_14    | mul    | auto      | 0       |
|    mul_2s_2s_2_1_1_U62                                      |     |        | acc_31        | mul    | auto      | 0       |
|    mul_4s_4s_4_1_1_U63                                      |     |        | acc_30        | mul    | auto      | 0       |
|    mul_4s_4s_4_1_1_U64                                      |     |        | mul_ln18_15   | mul    | auto      | 0       |
|    mul_8s_8s_16_1_1_U65                                     |     |        | mul_ln9_15    | mul    | auto      | 0       |
|    add_ln70_fu_2470_p2                                      |     |        | add_ln70      | add    | fabric    | 0       |
|    add_ln70_1_fu_2651_p2                                    |     |        | add_ln70_1    | add    | fabric    | 0       |
|    add_ln70_2_fu_2661_p2                                    |     |        | add_ln70_2    | add    | fabric    | 0       |
|    add_ln70_3_fu_2839_p2                                    |     |        | add_ln70_3    | add    | fabric    | 0       |
|    add_ln70_4_fu_3023_p2                                    |     |        | add_ln70_4    | add    | fabric    | 0       |
|    add_ln70_5_fu_3033_p2                                    |     |        | add_ln70_5    | add    | fabric    | 0       |
|    add_ln70_6_fu_3043_p2                                    |     |        | add_ln70_6    | add    | fabric    | 0       |
|    add_ln70_7_fu_3221_p2                                    |     |        | add_ln70_7    | add    | fabric    | 0       |
|    add_ln70_8_fu_3402_p2                                    |     |        | add_ln70_8    | add    | fabric    | 0       |
|    add_ln70_9_fu_3412_p2                                    |     |        | add_ln70_9    | add    | fabric    | 0       |
|    add_ln70_10_fu_3590_p2                                   |     |        | add_ln70_10   | add    | fabric    | 0       |
|    add_ln70_11_fu_3658_p2                                   |     |        | add_ln70_11   | add    | fabric    | 0       |
|    add_ln70_12_fu_3668_p2                                   |     |        | add_ln70_12   | add    | fabric    | 0       |
|    add_ln70_13_fu_3678_p2                                   |     |        | add_ln70_13   | add    | fabric    | 0       |
|    sum_fu_1617_p2                                           |     |        | sum           | add    | fabric    | 0       |
|    add_ln41_fu_1508_p2                                      |     |        | add_ln41      | add    | fabric    | 0       |
|    icmp_ln41_1_fu_1513_p2                                   |     |        | icmp_ln41_1   | seteq  | auto      | 0       |
+-------------------------------------------------------------+-----+--------+---------------+--------+-----------+---------+


================================================================
== Storage Report
================================================================
+-------------------+-----------+-----------+------+------+--------+----------+------+---------+------------------+
| Name              | Usage     | Type      | BRAM | URAM | Pragma | Variable | Impl | Latency | Bitwidth, Depth, |
|                   |           |           |      |      |        |          |      |         | Banks            |
+-------------------+-----------+-----------+------+------+--------+----------+------+---------+------------------+
| + cnn_accelerator |           |           | 2    | 0    |        |          |      |         |                  |
|   control_s_axi_U | interface | s_axilite |      |      |        |          |      |         |                  |
|   gmem_m_axi_U    | interface | m_axi     | 2    |      |        |          |      |         |                  |
+-------------------+-----------+-----------+------+------+--------+----------+------+---------+------------------+


================================================================
== Pragma Report
================================================================
* Pragmas with Warnings
+---------+----------------------------+-------------------------------+-------------------------------------------------------------------------------------------------------------------+
| Type    | Options                    | Location                      | Messages                                                                                                          |
+---------+----------------------------+-------------------------------+-------------------------------------------------------------------------------------------------------------------+
| BIND_OP | variable=a op=mul impl=dsp | approx_mac.h:8 in mac_int8, a | Unknown pragma bind_op variable value 'a', please check that the variable exists in the same scope as the pragma. |
+---------+----------------------------+-------------------------------+-------------------------------------------------------------------------------------------------------------------+

* Inferred Pragmas
+--------------+---------+------------------------------------------------------------------------------------+--------------------------------+
| Type         | Options | Location                                                                           | Inferred From                  |
+--------------+---------+------------------------------------------------------------------------------------+--------------------------------+
| LOOP_FLATTEN | 0       | loop VITIS_LOOP_39_1 (accelerator.cpp:39:19) in cnn_accelerator accelerator.cpp:39 | performance accelerator.cpp:39 |
+--------------+---------+------------------------------------------------------------------------------------+--------------------------------+

* Valid Pragma Syntax
+-----------------+----------------------------------------+--------------------------------------------------+
| Type            | Options                                | Location                                         |
+-----------------+----------------------------------------+--------------------------------------------------+
| INTERFACE       | m_axi port=input bundle=gmem           | accelerator.cpp:17 in cnn_accelerator, input     |
| INTERFACE       | m_axi port=weights8 bundle=gmem        | accelerator.cpp:18 in cnn_accelerator, weights8  |
| INTERFACE       | m_axi port=weights6 bundle=gmem        | accelerator.cpp:19 in cnn_accelerator, weights6  |
| INTERFACE       | m_axi port=weights4 bundle=gmem        | accelerator.cpp:20 in cnn_accelerator, weights4  |
| INTERFACE       | m_axi port=weights2 bundle=gmem        | accelerator.cpp:21 in cnn_accelerator, weights2  |
| INTERFACE       | m_axi port=output bundle=gmem          | accelerator.cpp:22 in cnn_accelerator, output    |
| INTERFACE       | s_axilite port=precision               | accelerator.cpp:24 in cnn_accelerator, precision |
| INTERFACE       | s_axilite port=Cin                     | accelerator.cpp:25 in cnn_accelerator, Cin       |
| INTERFACE       | s_axilite port=Cout                    | accelerator.cpp:26 in cnn_accelerator, Cout      |
| INTERFACE       | s_axilite port=H                       | accelerator.cpp:27 in cnn_accelerator, H         |
| INTERFACE       | s_axilite port=W                       | accelerator.cpp:28 in cnn_accelerator, W         |
| INTERFACE       | s_axilite port=return                  | accelerator.cpp:29 in cnn_accelerator, return    |
| BIND_STORAGE    | variable=in_buf type=ram_2p impl=bram  | accelerator.cpp:35 in cnn_accelerator, in_buf    |
| BIND_STORAGE    | variable=out_buf type=ram_2p impl=bram | accelerator.cpp:36 in cnn_accelerator, out_buf   |
| PIPELINE        | ii=1                                   | accelerator.cpp:42 in cnn_accelerator            |
| ARRAY_PARTITION | variable=act complete                  | accelerator.cpp:55 in cnn_accelerator, act       |
| ARRAY_PARTITION | variable=partial complete              | accelerator.cpp:56 in cnn_accelerator, partial   |
| UNROLL          |                                        | accelerator.cpp:59 in cnn_accelerator            |
| INLINE          |                                        | approx_mac.h:14 in approx_mul6                   |
| INLINE          |                                        | approx_mac.h:22 in mac_int6                      |
| INLINE          |                                        | approx_mac.h:31 in mac_int4_pack                 |
| BIND_OP         | variable=A op=mul impl=dsp             | approx_mac.h:36 in mac_int4_pack, A              |
| INLINE          |                                        | approx_mac.h:51 in mac_int2_pack                 |
| BIND_OP         | variable=A op=mul impl=dsp             | approx_mac.h:56 in mac_int2_pack, A              |
| INLINE          |                                        | pe.h:15 in pe_compute                            |
| ARRAY_PARTITION | variable=act complete                  | systolic_array.h:15 in systolic_array, act       |
| ARRAY_PARTITION | variable=psum complete                 | systolic_array.h:16 in systolic_array, psum      |
| UNROLL          |                                        | systolic_array.h:19 in systolic_array            |
+-----------------+----------------------------------------+--------------------------------------------------+


